// Jest Snapshot v1, https://goo.gl/fbAQLP

exports[`SearchFiltersContainerComponent matches snapshot 1`] = `
<div>
  <MultiSelectFilterContainer
    multiSelectFilterList={
      Array [
        Object {
          "content": <div
            className="usa-grid-full"
          >
            <MultiSelectFilter
              groupAlpha={true}
              item={
                Object {
                  "data": Array [
                    Object {
                      "isSelected": true,
                    },
                  ],
                  "item": Object {
                    "description": "skill",
                    "selectionRef": "ref3",
                    "title": "skill",
                  },
                }
              }
              queryParamToggle={[Function]}
              queryProperty="code"
            />
          </div>,
          "expanded": false,
          "id": "accordion-skill",
          "title": "skill",
        },
        Object {
          "content": <div
            className="usa-grid-full"
          >
            <MultiSelectFilter
              groupAlpha={false}
              item={
                Object {
                  "data": Array [
                    Object {
                      "isSelected": true,
                    },
                  ],
                  "item": Object {
                    "description": "grade",
                    "selectionRef": "ref",
                    "title": "grade",
                  },
                }
              }
              queryParamToggle={[Function]}
              queryProperty="code"
            />
          </div>,
          "expanded": false,
          "id": "accordion-grade",
          "title": "grade",
        },
        Object {
          "content": <div
            className="usa-grid-full"
          >
            <AutoSuggest
              customInputProps={Object {}}
              debounceMillis={350}
              displayProperty="location"
              getSuggestions={[Function]}
              id="post-autosuggest-container"
              inputId="post-autosuggest-input"
              label="post name"
              labelSrOnly={true}
              onSuggestionSelected={[Function]}
              onSuggestionsClearRequested={[Function]}
              placeholder="Start typing a post"
              queryProperty="id"
              suggestionTemplate={[Function]}
              suggestions={Array []}
            />
            <MultiSelectFilter
              groupAlpha={false}
              item={
                Object {
                  "data": Array [
                    Object {
                      "isSelected": true,
                    },
                  ],
                  "item": Object {
                    "description": "post",
                    "selectionRef": "ref2",
                    "title": "post",
                  },
                }
              }
              queryParamToggle={[Function]}
              queryProperty="_id"
            />
          </div>,
          "expanded": false,
          "id": "accordion-post",
          "title": "post",
        },
        Object {
          "content": <div
            className="usa-grid-full"
          >
            <MultiSelectFilter
              groupAlpha={false}
              item={
                Object {
                  "data": Array [
                    Object {
                      "isSelected": false,
                      "long_description": "test",
                      "short_description": "test",
                    },
                  ],
                  "item": Object {
                    "description": "region",
                    "selectionRef": "ref5",
                    "title": "region",
                  },
                }
              }
              queryParamToggle={[Function]}
              queryProperty="code"
            />
          </div>,
          "expanded": false,
          "id": "accordion-region",
          "title": "region",
        },
        Object {
          "content": <div
            className="usa-grid-full"
          >
            <MultiSelectFilter
              groupAlpha={false}
              item={
                Object {
                  "data": Array [
                    Object {
                      "isSelected": true,
                    },
                  ],
                  "item": Object {
                    "description": "tod",
                    "selectionRef": "ref3",
                    "title": "tod",
                  },
                }
              }
              queryParamToggle={[Function]}
              queryProperty="code"
            />
          </div>,
          "expanded": false,
          "id": "accordion-tod",
          "title": "tod",
        },
      ]
    }
    queryParamToggle={[Function]}
    setAccordion={[Function]}
  />
  <div
    className="boolean-filter-container"
  >
    <BooleanFilterContainer
      filters={Array []}
      legendTitle="Select filters"
      onBooleanFilterClick={[Function]}
    />
  </div>
</div>
`;
