// Jest Snapshot v1, https://goo.gl/fbAQLP

exports[`SearchFiltersContainerComponent matches snapshot 1`] = `
<div
  className="ap-container"
>
  <div
    className=""
  >
    <MultiSelectFilterContainer
      multiSelectFilterList={
        Array [
          Object {
            "altTitle": undefined,
            "buttonClass": "accordion-ap",
            "content": <BureauFilter
              item={
                Object {
                  "data": Array [
                    Object {
                      "isSelected": true,
                    },
                  ],
                  "item": Object {
                    "custom_description": "skill",
                    "description": "skill",
                    "selectionRef": "ref3",
                    "title": "skill",
                  },
                }
              }
              queryParamToggle={[Function]}
              queryParamUpdate={[Function]}
              queryProperty="code"
              skillCones={
                Object {
                  "data": Array [],
                }
              }
            />,
            "id": "accordion-skill-",
            "isTandem": undefined,
            "title": "skill",
          },
          Object {
            "altTitle": undefined,
            "buttonClass": "accordion-ap",
            "content": <div
              className="usa-grid-full"
            >
              <MultiSelectFilter
                groupAlpha={false}
                item={
                  Object {
                    "data": Array [
                      Object {
                        "isSelected": true,
                      },
                    ],
                    "item": Object {
                      "description": "grade",
                      "selectionRef": "ref",
                      "title": "grade",
                    },
                  }
                }
                queryParamToggle={[Function]}
                queryProperty="code"
              />
            </div>,
            "id": "accordion-grade-",
            "isTandem": undefined,
            "title": "grade",
          },
          Object {
            "altTitle": undefined,
            "buttonClass": "accordion-ap",
            "content": <BureauFilter
              functionalBureaus={
                Object {
                  "data": Array [],
                }
              }
              isTandem={false}
              item={
                Object {
                  "data": Array [
                    Object {
                      "isSelected": false,
                      "long_description": "test",
                      "short_description": "test",
                    },
                  ],
                  "item": Object {
                    "description": "region",
                    "selectionRef": "ref5",
                    "title": "region",
                  },
                }
              }
              queryParamToggle={[Function]}
              queryProperty="code"
            />,
            "id": "accordion-region-",
            "isTandem": undefined,
            "title": "region",
          },
          Object {
            "altTitle": undefined,
            "buttonClass": "accordion-ap",
            "content": <PostFilter
              autoSuggestProps={
                Object {
                  "displayProperty": [Function],
                  "getSuggestions": [Function],
                  "id": "post-autosuggest-container",
                  "inputId": "post-autosuggest-input",
                  "label": "Search locations",
                  "labelSrOnly": false,
                  "onSuggestionSelected": [Function],
                  "placeholder": "Start typing a location",
                  "queryProperty": "id",
                  "suggestionTemplate": [Function],
                  "suggestions": Array [],
                }
              }
              commuterPosts={
                Object {
                  "data": Array [],
                  "item": Object {},
                }
              }
              domesticIsSelected={false}
              item={
                Object {
                  "data": Array [
                    Object {
                      "isSelected": true,
                    },
                  ],
                  "item": Object {
                    "description": "post",
                    "selectionRef": "ref2",
                    "title": "post",
                  },
                }
              }
              overseasIsSelected={false}
              queryParamToggle={[Function]}
              queryParamUpdate={[Function]}
              queryProperty="_id"
            />,
            "id": "accordion-post-",
            "isTandem": undefined,
            "title": "post",
          },
          Object {
            "altTitle": undefined,
            "buttonClass": "accordion-ap",
            "content": <div
              className="usa-grid-full"
            >
              <MultiSelectFilter
                groupAlpha={false}
                item={
                  Object {
                    "data": Array [
                      Object {
                        "isSelected": true,
                      },
                    ],
                    "item": Object {
                      "description": "tod",
                      "selectionRef": "reftod",
                      "title": "tod",
                    },
                  }
                }
                queryParamToggle={[Function]}
                queryProperty="code"
              />
            </div>,
            "id": "accordion-tod-",
            "isTandem": undefined,
            "title": "tod",
          },
          Object {
            "altTitle": undefined,
            "buttonClass": "accordion-ap",
            "content": <LanguageFilter
              isTandem={false}
              item={
                Object {
                  "data": Array [
                    Object {
                      "isSelected": true,
                    },
                  ],
                  "item": Object {
                    "custom_description": "language 1",
                    "description": "language",
                    "selectionRef": "refLan",
                    "title": "skill",
                  },
                }
              }
              languageGroups={
                Object {
                  "data": Array [],
                }
              }
              queryParamToggle={[Function]}
              queryParamUpdate={[Function]}
              queryProperty="code"
            />,
            "id": "accordion-skill-",
            "isTandem": undefined,
            "title": "skill",
          },
        ]
      }
      queryParamToggle={[Function]}
    />
  </div>
  <div />
  <div
    className="boolean-filter-container"
  >
    <BooleanFilterContainer
      filters={Array []}
      legendTitle="Select filters"
      onBooleanFilterClick={[Function]}
    />
  </div>
  <div
    className="tandem-toggle-button-container"
  >
    <ToggleButton
      activeBoxShadow=""
      boxShadow=""
      checked={false}
      checkedIcon={false}
      height={20}
      labelSameLine={true}
      labelText=""
      labelTextLeft=""
      labelTextRight="Tandem Search"
      labelToLeft={true}
      offColor="#888888"
      offHandleColor="#ffffff"
      onChange={[Function]}
      onColor="#117C8D"
      onHandleColor="#ffffff"
      uncheckedIcon={false}
      width={40}
    />
  </div>
</div>
`;
