// Jest Snapshot v1, https://goo.gl/fbAQLP

exports[`BooleanFilterComponent matches snapshot 1`] = `
<CheckBox
  checkboxProps={Object {}}
  className=""
  disabled={false}
  excludeTmCheckboxClass={false}
  id="checkbox-title"
  label="title"
  labelSrOnly={false}
  name="title"
  onChange={[Function]}
  onCheckBoxClick={[Function]}
  overrideLifecycle={false}
  selectionRef="ref"
  small={false}
  title="title"
  value={false}
/>
`;
