// Jest Snapshot v1, https://goo.gl/fbAQLP

exports[`FavoriteContentComponent matches snapshot 1`] = `
<div>
  <div
    className="saved-search-pill "
  />
  <div
    className="saved-search-pill "
  />
  <div
    className="saved-search-pill "
  />
  <div
    className="saved-search-pill "
  />
</div>
`;
