// Jest Snapshot v1, https://goo.gl/fbAQLP

exports[`SaveNewSearchAlertComponent matches snapshot 1`] = `
<div
  className="usa-grid-full saved-search-alert"
>
  <Alert
    customClassName=""
    isAriaLive={true}
    isDivided={false}
    messages={
      Array [
        Object {
          "body": "A test message.",
        },
      ]
    }
    tinyAlert={false}
    title="Title"
    type="success"
  />
</div>
`;
