// Jest Snapshot v1, https://goo.gl/fbAQLP

exports[`UpdatesComponent matches snapshot 1`] = `
<div
  className="usa-grid-full profile-section-container updates-container"
>
  <div
    className="usa-grid-full section-padded-inner-container"
  >
    <div
      className="usa-width-one-whole"
    >
      <PositionInformation
        className=""
        icon="tasks"
        small={false}
        title="Updates"
      />
    </div>
    <div
      className="usa-width-one-whole"
    >
      <CheckboxList
        id="updates"
        isDisabled={true}
      />
    </div>
  </div>
  <div
    className="section-padded-inner-container small-link-container view-more-link-centered"
  >
    <button
      className="unstyled-button"
      onClick={[Function]}
    >
      <FontAwesome
        name="pencil"
      />
       Edit Updates
    </button>
  </div>
</div>
`;
