// Jest Snapshot v1, https://goo.gl/fbAQLP

exports[`SearchResultsExportLink matches snapshot 1`] = `
<div
  className="export-button-container"
>
  <ExportButton
    className=""
    isLoading={false}
    onClick={[Function]}
    primaryClass="usa-button-secondary"
    text="Export"
  />
</div>
`;
