// Jest Snapshot v1, https://goo.gl/fbAQLP

exports[`BidControlsComponent matches snapshot when isLoading is false 1`] = `
<div
  className="usa-grid-full portfolio-controls"
>
  <div
    className="usa-width-one-whole portfolio-sort-container results-dropdown"
  >
    <div
      className="portfolio-sort-container-contents bid-cycle-picker-container"
      style={
        Object {
          "float": "left",
        }
      }
    >
      <div
        className="label"
      >
        Proxy CDO View:
      </div>
      <Connect(CDOAutoSuggest) />
    </div>
    <div
      className="portfolio-sort-container-contents"
    >
      <Connect(BidCyclePicker) />
      <SelectForm
        className="select-offset select-black"
        defaultSort=""
        disabled={false}
        emptyOptionText="- Select -"
        id="porfolio-filter"
        includeFirstEmptyOption={false}
        label="Filter by:"
        labelSrOnly={false}
        onSelectOption={[Function]}
        options={
          Array [
            Object {
              "text": "All",
              "value": "",
            },
            Object {
              "text": "Handshake",
              "value": "true",
            },
            Object {
              "text": "No Handshake",
              "value": "false",
            },
          ]
        }
        transformValue={[Function]}
      />
      <SelectForm
        className="select-offset select-black"
        defaultSort=""
        disabled={false}
        emptyOptionText="- Select -"
        id="porfolio-sort"
        includeFirstEmptyOption={false}
        label="Sort by:"
        labelSrOnly={false}
        onSelectOption={[Function]}
        options={
          Array [
            Object {
              "text": "Default sorting",
              "value": "",
            },
            Object {
              "text": "Grade",
              "value": "client_grade",
            },
            Object {
              "text": "Skill",
              "value": "client_skill",
            },
            Object {
              "text": "Grade & Skill",
              "value": "client_grade,client_skill",
            },
          ]
        }
        transformValue={[Function]}
      />
    </div>
  </div>
  <div
    className="usa-width-one-whole portfolio-sort-container results-dropdown"
  >
    <ResultsViewBy
      initial="card"
      onClick={[Function]}
    />
  </div>
</div>
`;

exports[`BidControlsComponent matches snapshot when isLoading is true 1`] = `
<div
  className="usa-grid-full portfolio-controls"
>
  <div
    className="usa-width-one-whole portfolio-sort-container results-dropdown"
  >
    <div
      className="portfolio-sort-container-contents bid-cycle-picker-container"
      style={
        Object {
          "float": "left",
        }
      }
    >
      <div
        className="label"
      >
        Proxy CDO View:
      </div>
      <Connect(CDOAutoSuggest) />
    </div>
    <div
      className="portfolio-sort-container-contents"
    >
      <Connect(BidCyclePicker) />
      <SelectForm
        className="select-offset select-black"
        defaultSort=""
        disabled={false}
        emptyOptionText="- Select -"
        id="porfolio-filter"
        includeFirstEmptyOption={false}
        label="Filter by:"
        labelSrOnly={false}
        onSelectOption={[Function]}
        options={
          Array [
            Object {
              "text": "All",
              "value": "",
            },
            Object {
              "text": "Handshake",
              "value": "true",
            },
            Object {
              "text": "No Handshake",
              "value": "false",
            },
          ]
        }
        transformValue={[Function]}
      />
      <SelectForm
        className="select-offset select-black"
        defaultSort=""
        disabled={false}
        emptyOptionText="- Select -"
        id="porfolio-sort"
        includeFirstEmptyOption={false}
        label="Sort by:"
        labelSrOnly={false}
        onSelectOption={[Function]}
        options={
          Array [
            Object {
              "text": "Default sorting",
              "value": "",
            },
            Object {
              "text": "Grade",
              "value": "client_grade",
            },
            Object {
              "text": "Skill",
              "value": "client_skill",
            },
            Object {
              "text": "Grade & Skill",
              "value": "client_grade,client_skill",
            },
          ]
        }
        transformValue={[Function]}
      />
    </div>
  </div>
  <div
    className="usa-width-one-whole portfolio-sort-container results-dropdown"
  >
    <ResultsViewBy
      initial="card"
      onClick={[Function]}
    />
  </div>
</div>
`;
