// Jest Snapshot v1, https://goo.gl/fbAQLP

exports[`ProfilePageComponent matches snapshot 1`] = `
<div
  className="usa-grid-full"
>
  <h1>
    Hello, ...!
  </h1>
  <div
    className="usa-width-one-fourth"
  >
    <ProfileNavigation />
  </div>
  <div
    className="usa-grid-full usa-width-three-fourths profile-subroute-container"
  >
    <Switch>
      <Route
        component={[Function]}
        exact={true}
        path="/profile"
      />
      <Route
        component={[Function]}
        path="/profile/favorites"
      />
      <Route
        component={[Function]}
        path="/profile/searches"
      />
      <Route
        component={[Function]}
        path="/profile/bidlist"
      />
    </Switch>
  </div>
</div>
`;
