// Jest Snapshot v1, https://goo.gl/fbAQLP

exports[`ProfilePageComponent matches snapshot 1`] = `
<div
  className="profile-page"
>
  <Connect(ProfileMenu)
    isCDO={false}
    isGlossaryEditor={false}
  />
  <div
    className="usa-grid-full profile-content-container"
  >
    <Switch>
      <Route
        component={[Function]}
        path="/profile/dashboard"
      />
      <Route
        component={[Function]}
        path="/profile/bidderportfolio"
      />
      <Route
        component={[Function]}
        path="/profile/cycles"
      />
      <Route
        component={[Function]}
        path="/profile/favorites"
      />
      <Route
        component={[Function]}
        path="/profile/searches"
      />
      <Route
        component={[Function]}
        path="/profile/bidtracker"
      />
      <Route
        component={[Function]}
        path="/profile/statistics"
      />
      <Route
        component={[Function]}
        path="/profile/glossaryeditor"
      />
    </Switch>
  </div>
</div>
`;
