// Jest Snapshot v1, https://goo.gl/fbAQLP

exports[`HowToBid matches snapshot 1`] = `
<div
  className="position-details-contact how-to-bid"
>
  <div
    className="contact-container"
  >
    <strong>
      How to bid: 
    </strong>
    If you've decided you want to bid for this position,
      you still need to sign in to the FSBid system.
  </div>
</div>
`;
