// Jest Snapshot v1, https://goo.gl/fbAQLP

exports[`About matches snapshot 1`] = `
<div
  className="usa-grid-full"
>
  <TextEditorSubmit
    cancel={[Function]}
    cancelProps={Object {}}
    submit={[Function]}
    submitProps={
      Object {
        "id": "about-content-submit",
      }
    }
  />
  <div
    className="usa-grid-full markdown-editor"
  >
    <Component
      iconsSet="font-awesome"
      initialContent=""
      onContentChange={[Function]}
      styles={Object {}}
    />
  </div>
</div>
`;
