// Jest Snapshot v1, https://goo.gl/fbAQLP

exports[`BidListComponent matches snapshot 1`] = `
<div
  className="usa-grid-full"
>
  <BidListHeader />
  <div
    className="usa-grid-full section-padded-inner-container"
  >
    <div
      className="usa-width-one-whole"
    >
      <PositionInformation
        className=""
        icon="clipboard"
        small={false}
        title="Bid List"
      />
    </div>
  </div>
  <div
    className="bid-list-container"
  >
    <BorderedList
      contentArray={Array []}
    />
  </div>
  <div
    className="section-padded-inner-container small-link-container view-more-link-centered"
  >
    <Link
      replace={false}
      to="/profile/bidlist/"
    >
      See Bid List
    </Link>
  </div>
</div>
`;
