// Jest Snapshot v1, https://goo.gl/fbAQLP

exports[`EditBidders Component matches snapshot 1`] = `
<div>
  <form
    className="available-bidder-form"
  >
    <div
      className="detail"
    >
      <span>
        * Internal CDA field only, not shared with External CDA
      </span>
    </div>
    <div>
      <dt>
        Client Name:
      </dt>
      <dd />
    </div>
    <div>
      <label
        htmlFor="status"
      >
        *Status:
      </label>
      <select
        id="status"
        onChange={[Function]}
      >
        <option
          value=""
        >
          None listed
        </option>
        <option
          value="OC"
        >
          OC: Overcomplement
        </option>
        <option
          value="UA"
        >
          UA: Unassigned
        </option>
        <option
          value="IT"
        >
          IT: In Transit
        </option>
        <option
          value="AWOL"
        >
          AWOL: Absent without leave
        </option>
      </select>
    </div>
    <div>
      <label
        htmlFor="ocReason"
      >
        *OC Reason:
      </label>
      <span
        className="oc-validation-container"
      >
        <select
          aria-describedby=""
          className=""
          disabled={true}
          id="ocReason"
          onChange={[Function]}
        >
          <option
            value=""
          >
            None listed
          </option>
        </select>
      </span>
    </div>
    <div>
      <label
        htmlFor="ocBureau"
      >
        *OC Bureau:
      </label>
      <span
        className="oc-validation-container"
      >
        <select
          aria-describedby=""
          className=""
          disabled={true}
          id="ocBureau"
          onChange={[Function]}
        >
          <option
            value=""
          >
            None listed
          </option>
        </select>
      </span>
    </div>
    <div>
      <dt>
        Skill:
      </dt>
      <dd />
    </div>
    <div>
      <dt>
        Grade:
      </dt>
      <dd />
    </div>
    <div>
      <dt>
        Languages:
      </dt>
      <dd />
    </div>
    <div>
      <dt>
        TED:
      </dt>
      <dd />
    </div>
    <div>
      <dt>
        Current Post:
      </dt>
      <dd />
    </div>
    <div>
      <dt>
        CDO:
      </dt>
      <dd />
    </div>
    <div>
      <label
        htmlFor="comment"
      >
        *Comment:
      </label>
      <ForwardRef(TextareaAutosize)
        maxRows={4}
        maxlength="255"
        minRows={4}
        name="comment"
        onChange={[Function]}
        placeholder="None listed"
      />
    </div>
    <div>
      <dt>
        Created:
      </dt>
      <dd />
    </div>
    <div>
      <dt>
        External Share:
      </dt>
      <Tooltip
        animateFill={true}
        animation="shift"
        arrow={true}
        arrowSize="regular"
        className=""
        delay={0}
        disabled={false}
        distance={10}
        duration={375}
        followCursor={false}
        hideDelay={0}
        hideDuration={375}
        hideOnClick={true}
        html={null}
        inertia={false}
        interactive={false}
        interactiveBorder={2}
        multiple={false}
        offset={0}
        onHidden={[Function]}
        onHide={[Function]}
        onRequestClose={[Function]}
        onShow={[Function]}
        onShown={[Function]}
        popperOptions={
          Object {
            "modifiers": Object {
              "addZIndex": Object {
                "enabled": true,
                "fn": [Function],
                "order": 810,
              },
            },
          }
        }
        position="top"
        size="regular"
        sticky={false}
        stickyDuration={200}
        style={Object {}}
        tag="div"
        theme="dark"
        title="Status must be UA or OC to share with External CDA"
        touchHold={false}
        trigger="mouseenter focus"
        unmountHTMLWhenHide={false}
        zIndex={9999}
      >
        <dd
          className="ab-action-buttons"
        >
          <FontAwesome
            className="fa-lg"
            name="lock"
          />
        </dd>
      </Tooltip>
    </div>
    <button
      disabled={false}
      onClick={[Function]}
      type="submit"
    >
      Submit
    </button>
    <button
      onClick={[Function]}
    >
      Cancel
    </button>
  </form>
</div>
`;
