// Jest Snapshot v1, https://goo.gl/fbAQLP

exports[`BidControlsComponent matches snapshot 1`] = `
<InteractiveElement
  aria-selected={false}
  className=""
  data-selected=""
  key="label 1"
  onClick={[Function]}
  type="li"
>
  <CheckBox
    checkboxProps={
      Object {
        "readOnly": true,
        "tabIndex": "-1",
      }
    }
    className=""
    disabled={false}
    excludeTmCheckboxClass={false}
    id="label 1"
    label="label 1"
    labelSrOnly={false}
    name=""
    onChange={[Function]}
    onCheckBoxClick={[Function]}
    overrideLifecycle={true}
    small={true}
    title=""
    value={false}
  />
</InteractiveElement>
`;
