// Jest Snapshot v1, https://goo.gl/fbAQLP

exports[`AgendaItemLegs Component matches snapshot 1`] = `
<div
  className="aim-legs"
>
  <Spinner
    size="small"
    style={Object {}}
    type="legs"
  />
  <div
    className="remarks-container"
  >
    <div
      className="remarks-text"
    >
      Remarks:
    </div>
  </div>
</div>
`;
