// Jest Snapshot v1, https://goo.gl/fbAQLP

exports[`BidderPortfolioGridItemComponent matches snapshot 1`] = `
<div
  className="bidder-portfolio-grid-item-container"
>
  <div
    className="usa-grid-full current-user bidder-portfolio-grid-item"
  >
    <div
      className="usa-width-one-fourth grid-item-section"
    >
      <div
        className="checkbox-container"
      >
        <CheckBox
          checkboxProps={Object {}}
          className=""
          disabled={false}
          excludeTmCheckboxClass={false}
          id="checkbox-1"
          label="Select this user"
          labelSrOnly={true}
          name=""
          onChange={[Function]}
          onCheckBoxClick={[Function]}
          overrideLifecycle={false}
          small={true}
          title=""
          value={false}
        />
      </div>
      <div
        className="general-information-container"
      >
        <Connect(UserProfileGeneralInformation)
          showEditLink={false}
          useGroup={true}
          userProfile={
            Object {
              "bid_statistics": Array [],
              "cdo": Object {
                "email": "shadtrachl@state.gov",
                "first_name": "Leah",
                "initials": "LS",
                "last_name": "Shadtrach",
                "username": "shadtrachl",
              },
              "display_name": "John",
              "emp_id": "1",
              "employee_info": Object {
                "grade": "00",
                "skills": Array [
                  Object {
                    "code": "6218",
                    "description": "CONSTRUCTION ENGINEERING",
                  },
                  Object {
                    "code": "6211",
                    "description": "COMPUTER SCIENCE",
                  },
                ],
              },
              "employee_profile_url": Object {
                "external": "https://external.com",
                "internal": "https://internal.com",
              },
              "favorite_positions": Array [
                Object {
                  "id": 1,
                  "representation": "[00003026] OMS (COM) (Freetown, Sierra Leone)",
                },
                Object {
                  "id": 4,
                  "representation": "[00180000] OMS (DCM) (Addis Ababa, Ethiopia)",
                },
              ],
              "favorite_positions_pv": Array [
                Object {
                  "id": 10,
                },
                Object {
                  "id": 20,
                },
              ],
              "favorite_tandem_positions": Array [
                Object {
                  "id": 1,
                  "representation": "[00003026] OMS (COM) (Freetown, Sierra Leone)",
                },
                Object {
                  "id": 4,
                  "representation": "[00180000] OMS (DCM) (Addis Ababa, Ethiopia)",
                },
              ],
              "favorite_tandem_positions_pv": Array [
                Object {
                  "id": 10,
                },
                Object {
                  "id": 20,
                },
              ],
              "grade": "03",
              "id": 1,
              "initials": "JD",
              "is_cdo": false,
              "skills": Array [
                63,
                40,
              ],
              "user": Object {
                "email": "doej@state.gov",
                "first_name": "John",
                "initials": "JD",
                "last_name": "Doe",
                "username": "jdoe",
              },
              "user_info": Object {
                "office_address": "1234 Apple St. NW Washington, DC 20010",
                "office_phone": "202-876-5432",
              },
            }
          }
        />
      </div>
    </div>
    <div
      className="usa-width-one-fourth grid-item-section
              current-user-personal-information-grid-container"
    >
      <UserProfilePersonalInformation
        userProfile={
          Object {
            "bid_statistics": Array [],
            "cdo": Object {
              "email": "shadtrachl@state.gov",
              "first_name": "Leah",
              "initials": "LS",
              "last_name": "Shadtrach",
              "username": "shadtrachl",
            },
            "display_name": "John",
            "emp_id": "1",
            "employee_info": Object {
              "grade": "00",
              "skills": Array [
                Object {
                  "code": "6218",
                  "description": "CONSTRUCTION ENGINEERING",
                },
                Object {
                  "code": "6211",
                  "description": "COMPUTER SCIENCE",
                },
              ],
            },
            "employee_profile_url": Object {
              "external": "https://external.com",
              "internal": "https://internal.com",
            },
            "favorite_positions": Array [
              Object {
                "id": 1,
                "representation": "[00003026] OMS (COM) (Freetown, Sierra Leone)",
              },
              Object {
                "id": 4,
                "representation": "[00180000] OMS (DCM) (Addis Ababa, Ethiopia)",
              },
            ],
            "favorite_positions_pv": Array [
              Object {
                "id": 10,
              },
              Object {
                "id": 20,
              },
            ],
            "favorite_tandem_positions": Array [
              Object {
                "id": 1,
                "representation": "[00003026] OMS (COM) (Freetown, Sierra Leone)",
              },
              Object {
                "id": 4,
                "representation": "[00180000] OMS (DCM) (Addis Ababa, Ethiopia)",
              },
            ],
            "favorite_tandem_positions_pv": Array [
              Object {
                "id": 10,
              },
              Object {
                "id": 20,
              },
            ],
            "grade": "03",
            "id": 1,
            "initials": "JD",
            "is_cdo": false,
            "skills": Array [
              63,
              40,
            ],
            "user": Object {
              "email": "doej@state.gov",
              "first_name": "John",
              "initials": "JD",
              "last_name": "Doe",
              "username": "jdoe",
            },
            "user_info": Object {
              "office_address": "1234 Apple St. NW Washington, DC 20010",
              "office_phone": "202-876-5432",
            },
          }
        }
      />
    </div>
    <div
      className="usa-width-one-fourth grid-item-section"
    >
      <UserProfileBidInformation
        denominator={10}
        draft={0}
        submitted={0}
      />
    </div>
    <div
      className="usa-width-one-fourth grid-item-section"
    >
      <BidderPortfolioViewMore
        className="tm-button-alt"
        id={1}
        isExpanded={false}
        onClick={[Function]}
        useLink={false}
      />
    </div>
  </div>
</div>
`;
