// Jest Snapshot v1, https://goo.gl/fbAQLP

exports[`BidTrackerCardTopComponent matches snapshot 1`] = `
<div
  className="usa-grid-full padded-container-inner bid-tracker-title-container"
>
  <div
    className="bid-tracker-title-content-container"
  >
    <BidTrackerCardTitle
      bidCycle="Demo BidCycle 2017-10-31 16:00:51.254762"
      bidStatistics={
        Object {
          "at_skill": 0,
          "has_handshake_accepted": null,
          "has_handshake_offered": false,
          "id": null,
          "in_grade": 0,
          "in_grade_at_skill": 0,
          "total_bids": 0,
        }
      }
      id={11}
      organization={null}
      positionNumber="10035561"
      post={
        Object {
          "id": 199,
          "location": Object {
            "city": "Freetown",
            "code": "00A",
            "country": "Sierra Leone",
            "id": 103,
            "state": "",
          },
        }
      }
      showBidCount={true}
      status="approved"
      title="POLITICAL/ECONOMIC OFFICER"
    />
  </div>
  <div
    className="bid-tracker-card-title-outer-container-right"
  >
    <div
      className="bid-tracker-card-title-container-right"
    >
      <div
        className="bid-tracker-actions-container"
      />
    </div>
  </div>
</div>
`;
