// Jest Snapshot v1, https://goo.gl/fbAQLP

exports[`AgendaResearchPane Component matches snapshot 1`] = `
<div
  className="ai-research-pane"
>
  <MediaQueryWrapper
    breakpoint="screenSmMax"
    widthType="max"
  >
    <Component />
  </MediaQueryWrapper>
  <div
    className="ai-research-content"
  >
    <Spinner
      size="small"
      style={Object {}}
      type="homepage-position-results"
    />
  </div>
</div>
`;
