// Jest Snapshot v1, https://goo.gl/fbAQLP

exports[`BidTrackerCardBottomComponent matches snapshot 1`] = `
<div
  className="usa-grid-full bid-tracker-card-bottom"
>
  <div
    className="bid-tracker-ao-container"
  >
    <ExternalUserStatus
      email="woodwardw@state.gov"
      name="Wendy Woodward"
      showMail={true}
      type="ao"
    />
  </div>
  <div
    className="bid-tracker-organization-container"
  >
    <OrganizationStamp
      abbreviation="AF"
      name="bureau"
      showMail={true}
    />
  </div>
</div>
`;
