// Jest Snapshot v1, https://goo.gl/fbAQLP

exports[`GlossaryListingComponent matches snapshot 1`] = `
<Accordion
  className="accordion-inverse"
  isMultiselectable={true}
>
  <div
    className="usa-grid-full"
    key="#"
  >
    <h4>
      #
    </h4>
    <AccordionItem
      buttonClass=""
      childClass=""
      className=""
      disabled={false}
      expanded={false}
      id="68"
      key="3"
      setAccordion={[Function]}
      title="6/8"
      useIdClass={false}
    >
      <div
        className="usa-grid-full"
      >
        Definition.
         
      </div>
    </AccordionItem>
  </div>
  <div
    className="usa-grid-full"
    key="A"
  >
    <h4>
      A
    </h4>
    <AccordionItem
      buttonClass=""
      childClass=""
      className=""
      disabled={false}
      expanded={false}
      id="Assignments-Officer-AO"
      key="4"
      setAccordion={[Function]}
      title="Assignments Officer (AO)"
      useIdClass={false}
    >
      <div
        className="usa-grid-full"
      >
        test
         
      </div>
    </AccordionItem>
  </div>
  <div
    className="usa-grid-full"
    key="B"
  >
    <h4>
      B
    </h4>
    <AccordionItem
      buttonClass=""
      childClass=""
      className=""
      disabled={false}
      expanded={false}
      id="Bidder"
      key="5"
      setAccordion={[Function]}
      title="Bidder"
      useIdClass={false}
    >
      <div
        className="usa-grid-full"
      >
        An employee who is applying for a position.
         
      </div>
    </AccordionItem>
    <AccordionItem
      buttonClass=""
      childClass=""
      className=""
      disabled={false}
      expanded={false}
      id="Bureau"
      key="7"
      setAccordion={[Function]}
      title="Bureau"
      useIdClass={false}
    >
      <div
        className="usa-grid-full"
      >
        The organization sponsoring a position.
         
      </div>
    </AccordionItem>
  </div>
  <div
    className="usa-grid-full"
    key="C"
  >
    <h4>
      C
    </h4>
    <AccordionItem
      buttonClass=""
      childClass=""
      className=""
      disabled={false}
      expanded={false}
      id="C"
      key="6"
      setAccordion={[Function]}
      title="C"
      useIdClass={false}
    >
      <div
        className="usa-grid-full"
      >
        Description
         
      </div>
    </AccordionItem>
  </div>
</Accordion>
`;
