// Jest Snapshot v1, https://goo.gl/fbAQLP

exports[`ResultsViewByComponent matches snapshot 1`] = `
<div
  className="results-viewby-container"
>
  <div
    className="view-label"
  >
    View:
  </div>
  <div
    className="view-icon"
  >
    <FontAwesome
      name="th"
    />
  </div>
  <div
    className="view-icon view-icon-border"
  >
    <FontAwesome
      name="th-list"
    />
  </div>
</div>
`;
