// Jest Snapshot v1, https://goo.gl/fbAQLP

exports[`ResultsViewByComponent matches snapshot 1`] = `
<div
  className="results-viewby-container"
>
  <div
    className="view-label"
  >
    View:
  </div>
  <div
    className="view-icon is-selected"
  >
    <button
      className="unstyled-button"
      id="select-card"
      onClick={[Function]}
    >
      <span
        className="usa-sr-only"
      >
        Card view
      </span>
      <FontAwesome
        name="th"
      />
    </button>
  </div>
  <div
    className="view-icon view-icon-border is-not-selected"
  >
    <button
      className="unstyled-button"
      id="select-grid"
      onClick={[Function]}
    >
      <span
        className="usa-sr-only"
      >
        Grid view
      </span>
      <FontAwesome
        name="th-list"
      />
    </button>
  </div>
</div>
`;
