// Jest Snapshot v1, https://goo.gl/fbAQLP

exports[`AgendaItemHistoryComponent matches snapshot 1`] = `
<div
  className="agenda-item-history-container"
>
  <div
    className="usa-grid-full profile-content-inner-container"
  >
    <ProfileSectionTitle
      icon="user-circle-o"
      title="Rehman, Tarek - Agenda Item History"
    />
    <Connect(withRouter(BackButton)) />
    <div
      className="usa-grid-full portfolio-controls"
    >
      For Pagination Results
      <div
        className="usa-width-one-whole results-dropdown agenda-controls-container"
      >
        <div
          className="agenda-results-controls"
        >
          <ResultsViewBy
            initial="grid"
            onClick={[Function]}
          />
          <SelectForm
            className="select-offset select-black"
            defaultSort={null}
            disabled={false}
            emptyOptionText="- Select -"
            id="agenda-item-history-results"
            includeFirstEmptyOption={false}
            label="Sort by:"
            labelSrOnly={false}
            onSelectOption={[Function]}
            options={
              Array [
                Object {
                  "text": "Agenda Status",
                  "value": "status",
                },
                Object {
                  "text": "Panel date: Latest",
                  "value": "-panel_date",
                },
                Object {
                  "text": "Panel date: Earliest",
                  "value": "panel_date",
                },
                Object {
                  "text": "Updated date: Latest",
                  "value": "-updated_date",
                },
                Object {
                  "text": "Updated date: Earliest",
                  "value": "updated_date",
                },
              ]
            }
            transformValue={[Function]}
          />
          <Connect(ExportLink)
            disabled={true}
          />
        </div>
      </div>
    </div>
    <div
      className="ai-history-rows-container"
    >
      <AgendaItemRow
        isFirst={true}
        result={2}
      />
      <AgendaItemRow
        isFirst={false}
        result={3}
      />
      <AgendaItemRow
        isFirst={false}
        result={4}
      />
      <AgendaItemRow
        isFirst={false}
        result={2}
      />
      <AgendaItemRow
        isFirst={false}
        result={7}
      />
      <AgendaItemRow
        isFirst={false}
        result={3}
      />
      <AgendaItemRow
        isFirst={false}
        result={4}
      />
      <AgendaItemRow
        isFirst={false}
        result={7}
      />
      <AgendaItemRow
        isFirst={false}
        result={1}
      />
      <AgendaItemRow
        isFirst={false}
        result={1}
      />
      <AgendaItemRow
        isFirst={false}
        result={2}
      />
      <AgendaItemRow
        isFirst={false}
        result={3}
      />
      <AgendaItemRow
        isFirst={false}
        result={4}
      />
      <AgendaItemRow
        isFirst={false}
        result={5}
      />
      <AgendaItemRow
        isFirst={false}
        result={6}
      />
      <AgendaItemRow
        isFirst={false}
        result={1}
      />
      <AgendaItemRow
        isFirst={false}
        result={3}
      />
      <AgendaItemRow
        isFirst={false}
        result={2}
      />
      <AgendaItemRow
        isFirst={false}
        result={3}
      />
      <AgendaItemRow
        isFirst={false}
        result={2}
      />
      <AgendaItemRow
        isFirst={false}
        result={2}
      />
      <AgendaItemRow
        isFirst={false}
        result={3}
      />
    </div>
    <ScrollUpButton />
  </div>
</div>
`;
