// Jest Snapshot v1, https://goo.gl/fbAQLP

exports[`BureauFilterComponent matches snapshot 1`] = `
<div
  className="usa-grid-full tm-nested-accordions"
>
  <Accordion
    className=""
    isMultiselectable={false}
  >
    <AccordionItem
      buttonClass="tm-nested-accordion-button"
      childClass=""
      className="accordion-content-small"
      controlled={false}
      disabled={false}
      expanded={false}
      id="regional-bureau-sub-accordion"
      setAccordion={[Function]}
      title="Regional Bureaus"
      useIdClass={true}
    >
      <div
        className="usa-grid-full"
      >
        <CheckBox
          _id={1}
          checkboxProps={Object {}}
          className="tm-checkbox-transparent"
          disabled={false}
          id="checkboxName1-region-region-1"
          key="checkboxName1-region-region-1"
          label="Name1"
          labelSrOnly={false}
          name="Name1"
          onChange={[Function]}
          onCheckBoxClick={[Function]}
          overrideLifecycle={false}
          selectionRef="bureau"
          small={false}
          title="Name1"
          value={false}
        />
      </div>
    </AccordionItem>
    <AccordionItem
      buttonClass="tm-nested-accordion-button"
      childClass=""
      className="accordion-content-small"
      controlled={false}
      disabled={false}
      expanded={false}
      id="functional-bureau-sub-accordion"
      setAccordion={[Function]}
      title="Functional Bureaus"
      useIdClass={true}
    >
      <CheckBox
        _id={2}
        checkboxProps={Object {}}
        className="tm-checkbox-transparent"
        code={2}
        disabled={false}
        id="checkboxName2-functional-bureau--2"
        key="checkboxName2-functional-bureau--2"
        label="Name2"
        labelSrOnly={false}
        name="Name2"
        onChange={[Function]}
        onCheckBoxClick={[Function]}
        overrideLifecycle={false}
        selectionRef="bureau"
        small={false}
        title="Name2"
        value={false}
      />
    </AccordionItem>
  </Accordion>
</div>
`;
