// Jest Snapshot v1, https://goo.gl/fbAQLP

exports[`MultiSelectFilterComponent matches snapshot 1`] = `
<FieldSet
  className=""
  legend="title"
  legendSrOnly={false}
>
  <CheckBox
    id="checkboxdescription"
    label="description"
    labelSrOnly={false}
    name="description"
    onCheckBoxClick={[Function]}
    selectionRef="ref"
    small={false}
    title="description"
    value={true}
  />
</FieldSet>
`;
