// Jest Snapshot v1, https://goo.gl/fbAQLP

exports[`BidderPortfolioContainerComponent matches snapshot when the all property is greater than zero 1`] = `
<div
  className="usa-grid-full user-dashboard"
  id="bidder-portfolio-container"
>
  <div
    className="usa-width-two-thirds"
  >
    <Alert
      customClassName=""
      isAriaLive={false}
      isDivided={false}
      messages={
        Array [
          Object {
            "body": "Please select at least one CDO from the \\"Proxy CDO View\\" filter above.",
          },
        ]
      }
      tinyAlert={false}
      title="You have not selected any CDOs"
      type="info"
    />
  </div>
</div>
`;

exports[`BidderPortfolioContainerComponent matches snapshot when the all property is zero 1`] = `
<div
  className="usa-grid-full user-dashboard"
  id="bidder-portfolio-container"
>
  <div
    className="usa-width-two-thirds"
  >
    <Alert
      customClassName=""
      isAriaLive={false}
      isDivided={false}
      messages={
        Array [
          Object {
            "body": "Please select at least one CDO from the \\"Proxy CDO View\\" filter above.",
          },
        ]
      }
      tinyAlert={false}
      title="You have not selected any CDOs"
      type="info"
    />
  </div>
</div>
`;
