// Jest Snapshot v1, https://goo.gl/fbAQLP

exports[`ResultsSearchHeaderComponent matches snapshot 1`] = `
<div
  className="results-search-bar padded-main-content results-single-search homepage-offset"
>
  <div
    className="usa-grid-full search-bar-container"
  >
    <form
      className="usa-grid-full"
      onSubmit={[Function]}
    >
      <fieldset>
        <div
          className="usa-width-one-whole search-results-inputs search-keyword"
        >
          <legend
            className="usa-grid-full homepage-search-legend "
          >
            Find your next position
          </legend>
          <SearchBar
            alertText="Disabled"
            defaultValue="keyword"
            id="search-keyword-field"
            inputDisabled={false}
            label="Keywords"
            labelSrOnly={true}
            noButton={false}
            noForm={true}
            onChangeText={[Function]}
            onClear={[Function]}
            onSubmitSearch={[Function]}
            placeholder="Enter keywords..."
            showClear={true}
            submitForm={[Function]}
            submitText="Search"
            type="medium"
          />
        </div>
      </fieldset>
    </form>
  </div>
</div>
`;
