// Jest Snapshot v1, https://goo.gl/fbAQLP

exports[`PositionTitleComponent matches snapshot 1`] = `
<div
  className="position-details-header-container"
>
  <div
    className="position-details-header"
  >
    <div
      className="usa-grid positions-details-header-grid"
    >
      <div
        className="usa-width-one-half"
      >
        <div
          className="position-details-header-back"
        >
          <div>
            <FontAwesome
              name="arrow-left"
            />
             
            <a
              className="back-link"
              onClick={[Function]}
              role="link"
              tabIndex="0"
            >
              Go back text
            </a>
          </div>
        </div>
        <div
          className="position-details-header-title"
        >
          <strong>
            Position Number: 
            00003027
          </strong>
        </div>
        <p
          className="position-details-header-body editable-position-field"
        >
          <strong>
            Description: 
          </strong>
          <span
            className="usa-grid-full"
          >
            a description
            <FontAwesome
              id="description-edit"
              name="pencil"
              onClick={[Function]}
            />
          </span>
        </p>
        <PositionTitleSubDescription
          formattedContent={
            <a
              href="https://www.state.gov/post"
            >
              https://www.state.gov/post
            </a>
          }
          onSubmitText={[Function]}
          plainContent="https://www.state.gov/post"
          shouldShowEditor={false}
          title="Post website"
          toggleEditor={[Function]}
        />
        <PositionTitleSubDescription
          formattedContent={
            <a
              href="tel:202-555-5555"
            >
              202-555-5555
            </a>
          }
          onSubmitText={[Function]}
          plainContent="202-555-5555"
          shouldShowEditor={false}
          title="Point of Contact"
          toggleEditor={[Function]}
        />
      </div>
    </div>
    <img
      alt="department of state seal"
      className="position-details-header-image"
      src="/assets/img/rsz_dos-seal-bw.png"
    />
  </div>
  <div
    className="offset-bid-button-container"
  >
    <BidListButton
      compareArray={Array []}
      id={6}
      isLoading={false}
      toggleBidPosition={[Function]}
    />
  </div>
</div>
`;
