// Jest Snapshot v1, https://goo.gl/fbAQLP

exports[`SavedSearchesListResultsCardComponent matches snapshot 1`] = `
<div
  className="usa-grid-full saved-search-card profile-section-container"
>
  <div
    className="usa-grid-full"
  >
    <div
      className="usa-width-one-half favorites-card-section"
    >
      <div>
        Test 33
      </div>
      <SavedSearchPillList
        pills={
          Array [
            "two",
            "ADMINISTRATIVE SUPPORT",
          ]
        }
      />
    </div>
    <div
      className="usa-width-one-half favorites-card-section"
    >
      <button
        className="tm-button-transparent"
        onClick={[Function]}
      >
        View
      </button>
    </div>
  </div>
</div>
`;
