// Jest Snapshot v1, https://goo.gl/fbAQLP

exports[`ProfileMenuCollapsedComponent matches snapshot 1`] = `
<div
  className="usa-grid-full profile-menu profile-menu-collapsed"
>
  <div
    className="menu-title"
  >
    <button
      className="unstyled-button"
      onClick={[Function]}
      title="Expand menu"
    >
      <FontAwesome
        name="exchange"
      />
    </button>
  </div>
  <NavLinksContainer>
    <withRouter(NavLink)
      hidden={false}
      iconName="user"
      key="Profile"
      link="/profile/dashboard/"
      search=""
    />
    <withRouter(NavLink)
      hidden={true}
      iconName="sitemap"
      key="Administrator"
      link="/profile/administrator/"
      search=""
    />
    <withRouter(NavLink)
      hidden={true}
      iconName="building-o"
      key="AO"
      link="/profile/ao/dashboard/"
      search=""
    />
    <withRouter(NavLink)
      hidden={true}
      iconName="building"
      key="Bureau"
      link="/profile/bureau/positionmanager/"
      search=""
    />
    <withRouter(NavLink)
      hidden={true}
      iconName="street-view"
      key="CDO"
      link="/profile/cdo/bidderportfolio"
      search=""
    />
    <withRouter(NavLink)
      hidden={true}
      iconName="building"
      key="Post"
      link="/profile/post/dashboard/"
      search=""
    />
  </NavLinksContainer>
</div>
`;

exports[`ProfileMenuCollapsedComponent matches snapshot when isGlossaryEditor is false 1`] = `
<div
  className="usa-grid-full profile-menu profile-menu-collapsed"
>
  <div
    className="menu-title"
  >
    <button
      className="unstyled-button"
      onClick={[Function]}
      title="Expand menu"
    >
      <FontAwesome
        name="exchange"
      />
    </button>
  </div>
  <NavLinksContainer>
    <withRouter(NavLink)
      hidden={false}
      iconName="user"
      key="Profile"
      link="/profile/dashboard/"
      search=""
    />
    <withRouter(NavLink)
      hidden={true}
      iconName="sitemap"
      key="Administrator"
      link="/profile/administrator/"
      search=""
    />
    <withRouter(NavLink)
      hidden={true}
      iconName="building-o"
      key="AO"
      link="/profile/ao/dashboard/"
      search=""
    />
    <withRouter(NavLink)
      hidden={true}
      iconName="building"
      key="Bureau"
      link="/profile/bureau/positionmanager/"
      search=""
    />
    <withRouter(NavLink)
      hidden={true}
      iconName="street-view"
      key="CDO"
      link="/profile/cdo/bidderportfolio"
      search=""
    />
    <withRouter(NavLink)
      hidden={true}
      iconName="building"
      key="Post"
      link="/profile/post/dashboard/"
      search=""
    />
  </NavLinksContainer>
</div>
`;
