// Jest Snapshot v1, https://goo.gl/fbAQLP

exports[`BidderPortfolioStatRow matches snapshot 1`] = `
<div
  className="usa-grid-full bidder-portfolio-stat-row"
>
  <div>
    <Avatar
      className=""
      fallback={
        <FontAwesome
          name="user-o"
        />
      }
      firstName=""
      initials=""
      lastName=""
      onClick={[Function]}
      small={false}
    />
  </div>
  <div>
    <div
      className="stat-card-data-point stat-card-data-point--name"
    >
      N/A
      <Link
        replace={false}
        to="/profile/public/undefined"
      >
        View Profile
      </Link>
    </div>
    <div
      className="stat-card-data-point"
    >
      <dt>
        Skill:
      </dt>
      <dd>
        <SkillCodeList
          skillCodes={
            Array [
              Object {
                "code": "6218",
                "cone": null,
                "description": "CONSTRUCTION ENGINEERING",
                "id": 63,
              },
            ]
          }
        />
      </dd>
    </div>
    <div
      className="stat-card-data-point"
    >
      <dt>
        Grade:
      </dt>
      <dd>
        01
      </dd>
    </div>
    <div
      className="stat-card-data-point"
    >
      <dt>
        Location:
      </dt>
      <dd>
        None listed
      </dd>
    </div>
  </div>
  <div
    className="bidder-portfolio-stat-row-updates"
  >
    <Connect(StaticDevContent)>
      <ClientBadgeList
        statuses={
          Object {
            "fairshare": 1,
            "handshake": 1,
            "retirement": 2,
            "sixeight": 0,
          }
        }
      />
    </Connect(StaticDevContent)>
  </div>
</div>
`;
