// Jest Snapshot v1, https://goo.gl/fbAQLP

exports[`FavoriteContentComponent matches snapshot 1`] = `
<div
  className="usa-grid-full bid-content-container"
>
  <div>
    <span
      className="bid-list-card-title-post"
    >
      Position title: 
    </span>
  </div>
  <div>
    <span
      className="bid-list-card-title-post"
    >
      Skill: 
    </span>
    None listed
  </div>
  <div>
    <span
      className="bid-list-card-title-post"
    >
      Grade: 
    </span>
    None listed
  </div>
  <div>
    <span
      className="bid-list-card-title-post"
    >
      Location: 
    </span>
    None listed
  </div>
</div>
`;
