// Jest Snapshot v1, https://goo.gl/fbAQLP

exports[`FavoriteContentComponent matches snapshot 1`] = `
<div
  className="usa-grid-full bid-content-container"
>
  <div>
    <span
      className="bid-list-card-title-post"
    >
      Position Title: 
    </span>
    10034001
  </div>
  <div>
    <span
      className="bid-list-card-title-post"
    >
      Post: 
    </span>
    Monrovia, Liberia
  </div>
  <div>
    <span
      className="bid-list-card-title-post"
    >
      Skill Code: 
    </span>
    OFFICE MANAGEMENT (9017)
  </div>
  <div>
    <span
      className="bid-list-card-title-post"
    >
      Grade: 
    </span>
    06
  </div>
</div>
`;
