// Jest Snapshot v1, https://goo.gl/fbAQLP

exports[`ResultsControlsComponent matches snapshot 1`] = `
<div
  className="usa-grid-full results-controls"
>
  <div
    className="usa-width-five-twelfths total-results"
  >
    <TotalResults
      pageNumber={0}
      pageSize={10}
      total={2}
    />
  </div>
  <div
    className="usa-width-seven-twelfths-thirds drop-downs"
  >
    <div
      className="dropdowns-container"
    >
      <div
        className="results-dropdown results-dropdown-sort"
      >
        <SelectForm
          className="select-blue select-offset select-small"
          defaultSort=""
          disabled={false}
          emptyOptionText="- Select -"
          id="sort"
          includeFirstEmptyOption={false}
          label="Sort by:"
          languages={Array []}
          onSelectOption={[Function]}
          options={
            Array [
              Object {
                "text": "sort",
                "value": "sort",
              },
            ]
          }
          transformValue={[Function]}
        />
      </div>
      <div
        className="results-dropdown results-dropdown-page-size"
      >
        <Connect(PreferenceWrapper)
          keyRef="POSITION_PAGE_SIZES"
          onSelect={[Function]}
        >
          <SelectForm
            className="select-blue select-offset select-small"
            defaultSort={10}
            disabled={false}
            emptyOptionText="- Select -"
            id="pageSize"
            includeFirstEmptyOption={false}
            label="Results:"
            languages={Array []}
            onSelectOption={[Function]}
            options={
              Array [
                Object {
                  "text": "10",
                  "value": 10,
                },
              ]
            }
            transformValue={[Function]}
          />
        </Connect(PreferenceWrapper)>
      </div>
      <div
        className="results-download"
      >
        <SearchResultsExportLink
          count={2}
          filename="TalentMap_search_export.csv"
        />
      </div>
    </div>
  </div>
</div>
`;
