// Jest Snapshot v1, https://goo.gl/fbAQLP

exports[`About matches snapshot 1`] = `
<div
  className="usa-grid-full content-container padded-main-content"
>
  <div
    className="usa-grid-full about-page"
  >
    <MediaQueryWrapper
      breakpoint="screenSmMax"
      widthType="min"
    />
  </div>
</div>
`;
