// Jest Snapshot v1, https://goo.gl/fbAQLP

exports[`ProfileMenuExpandedComponent matches snapshot when isGlossaryEditor is false 1`] = `
<div
  className="profile-menu width-250"
>
  <div
    className="menu-title"
  >
    <div
      className="menu-title-text"
    >
      Menu
    </div>
    <button
      className="unstyled-button"
      onClick={[Function]}
      title="Collapse menu"
    >
      <FontAwesome
        name="exchange"
      />
    </button>
  </div>
  <NavLinksContainer>
    <withRouter(NavLink)
      expandedSection={
        Object {
          "display": false,
          "title": "",
        }
      }
      hidden={false}
      iconName="user"
      key="Profile"
      search=""
      title="Profile"
      toggleMenuSection={[Function]}
    >
      <withRouter(NavLink)
        hidden={false}
        iconName="tachometer"
        key="Dashboard"
        link="/profile/dashboard"
        search=""
        title="Dashboard"
      />
      <withRouter(NavLink)
        hidden={true}
        iconName="clipboard"
        key="Bid Tracker"
        link="/profile/bidtracker/"
        search=""
        title="Bid Tracker"
      />
      <withRouter(NavLink)
        hidden={false}
        iconName="star"
        key="Favorites"
        link="/profile/favorites/"
        search=""
        title="Favorites"
      />
      <withRouter(NavLink)
        hidden={false}
        iconName="globe"
        key="Notifications"
        link="/profile/notifications"
        search=""
        title="Notifications"
      />
      <withRouter(NavLink)
        hidden={false}
        iconName="clock-o"
        key="Saved Searches"
        link="/profile/searches/"
        search=""
        title="Saved Searches"
      />
      <withRouter(NavLink)
        hidden={false}
        iconName="cogs"
        key="Settings"
        link="/profile/settings/"
        search=""
        title="Settings"
      />
    </withRouter(NavLink)>
    <withRouter(NavLink)
      expandedSection={
        Object {
          "display": false,
          "title": "",
        }
      }
      hidden={true}
      iconName="sitemap"
      key="Administrator"
      search=""
      title="Administrator"
      toggleMenuSection={[Function]}
    >
      <withRouter(NavLink)
        hidden={true}
        iconName="tachometer"
        key="Dashboard"
        link="/profile/administrator/dashboard/"
        search=""
        title="Dashboard"
      />
      <withRouter(NavLink)
        hidden={true}
        iconName="hourglass-start"
        key="Bid Cycles"
        link="/profile/administrator/cycles/"
        search=""
        title="Bid Cycles"
      />
      <withRouter(NavLink)
        hidden={true}
        iconName="flag"
        key="Feature Flags"
        link="/profile/administrator/featureflags/"
        search=""
        title="Feature Flags"
      />
      <withRouter(NavLink)
        hidden={true}
        iconName="book"
        key="Glossary Editor"
        link="/profile/glossaryeditor/"
        search=""
        title="Glossary Editor"
      />
      <withRouter(NavLink)
        hidden={true}
        iconName="sitemap"
        key="Logs"
        link="/profile/administrator/logs/"
        search=""
        title="Logs"
      />
      <withRouter(NavLink)
        hidden={true}
        iconName="calendar"
        key="Panel"
        link="/profile/administrator/panel/"
        search=""
        title="Panel"
      />
      <withRouter(NavLink)
        hidden={true}
        iconName="bar-chart"
        key="Statistics"
        link="/profile/administrator/stats/"
        search=""
        title="Statistics"
      />
      <withRouter(NavLink)
        hidden={true}
        iconName="users"
        key="User Roles"
        link="/profile/administrator/userroles/"
        search=""
        title="User Roles"
      />
    </withRouter(NavLink)>
    <withRouter(NavLink)
      expandedSection={
        Object {
          "display": false,
          "title": "",
        }
      }
      hidden={true}
      iconName="building-o"
      key="AO"
      search=""
      title="AO"
      toggleMenuSection={[Function]}
    >
      <withRouter(NavLink)
        hidden={true}
        iconName="users"
        key="Available Bidders"
        link="/profile/ao/availablebidders"
        search=""
        title="Available Bidders"
      />
      <withRouter(NavLink)
        hidden={true}
        iconName="sticky-note"
        key="Employee Agendas"
        link="/profile/ao/employeeagendas"
        search=""
        title="Employee Agendas"
      />
      <withRouter(NavLink)
        hidden={true}
        iconName="calendar"
        key="Panel Meetings"
        link="/profile/ao/panelmeetings"
        search=""
        title="Panel Meetings"
      />
    </withRouter(NavLink)>
    <withRouter(NavLink)
      expandedSection={
        Object {
          "display": false,
          "title": "",
        }
      }
      hidden={true}
      iconName="building"
      key="Bureau"
      search=""
      title="Bureau"
      toggleMenuSection={[Function]}
    >
      <withRouter(NavLink)
        hidden={true}
        iconName="users"
        key="Available Bidders"
        link="/profile/bureau/availablebidders"
        search=""
        title="Available Bidders"
      />
      <withRouter(NavLink)
        hidden={true}
        iconName="map"
        key="Position Management"
        link="/profile/bureau/positionmanager"
        search=""
        title="Position Management"
      />
      <withRouter(NavLink)
        hidden={true}
        iconName=" fa-keyboard-o"
        key="Projected Vacancy Management"
        link="/profile/bureau/projectedvacancy"
        search=""
        title="Projected Vacancy Management"
      />
      <withRouter(NavLink)
        hidden={true}
        iconName=" fa-newspaper-o"
        key="Publishable Positions"
        link="/profile/bureau/publishablepositions"
        search=""
        title="Publishable Positions"
      />
    </withRouter(NavLink)>
    <withRouter(NavLink)
      expandedSection={
        Object {
          "display": false,
          "title": "",
        }
      }
      hidden={true}
      iconName="street-view"
      key="CDO"
      search=""
      title="CDO"
      toggleMenuSection={[Function]}
    >
      <withRouter(NavLink)
        hidden={true}
        iconName="users"
        key="Available Bidders"
        link="/profile/cdo/availablebidders"
        search=""
        title="Available Bidders"
      />
      <withRouter(NavLink)
        hidden={true}
        iconName="address-book"
        key="Client Profiles"
        link="/profile/cdo/bidderportfolio"
        search="?type=all"
        title="Client Profiles"
      />
      <withRouter(NavLink)
        hidden={true}
        iconName="sticky-note"
        key="Employee Agendas"
        link="/profile/cdo/employeeagendas"
        search=""
        title="Employee Agendas"
      />
      <withRouter(NavLink)
        hidden={true}
        iconName="calendar"
        key="Panel Meetings"
        link="/profile/cdo/panelmeetings"
        search=""
        title="Panel Meetings"
      />
    </withRouter(NavLink)>
    <withRouter(NavLink)
      expandedSection={
        Object {
          "display": false,
          "title": "",
        }
      }
      hidden={true}
      iconName="building"
      key="Post"
      search=""
      title="Post"
      toggleMenuSection={[Function]}
    >
      <withRouter(NavLink)
        hidden={true}
        iconName="users"
        key="Available Bidders"
        link="/profile/post/availablebidders"
        search=""
        title="Available Bidders"
      />
      <withRouter(NavLink)
        hidden={true}
        iconName="map"
        key="Position Management"
        link="/profile/post/positionmanager"
        search=""
        title="Position Management"
      />
    </withRouter(NavLink)>
  </NavLinksContainer>
</div>
`;

exports[`ProfileMenuExpandedComponent matches snapshot when user is bidcycle_admin 1`] = `
<div
  className="profile-menu width-250"
>
  <div
    className="menu-title"
  >
    <div
      className="menu-title-text"
    >
      Menu
    </div>
    <button
      className="unstyled-button"
      onClick={[Function]}
      title="Collapse menu"
    >
      <FontAwesome
        name="exchange"
      />
    </button>
  </div>
  <NavLinksContainer>
    <withRouter(NavLink)
      expandedSection={
        Object {
          "display": false,
          "title": "",
        }
      }
      hidden={false}
      iconName="user"
      key="Profile"
      search=""
      title="Profile"
      toggleMenuSection={[Function]}
    >
      <withRouter(NavLink)
        hidden={false}
        iconName="tachometer"
        key="Dashboard"
        link="/profile/dashboard"
        search=""
        title="Dashboard"
      />
      <withRouter(NavLink)
        hidden={true}
        iconName="clipboard"
        key="Bid Tracker"
        link="/profile/bidtracker/"
        search=""
        title="Bid Tracker"
      />
      <withRouter(NavLink)
        hidden={false}
        iconName="star"
        key="Favorites"
        link="/profile/favorites/"
        search=""
        title="Favorites"
      />
      <withRouter(NavLink)
        hidden={false}
        iconName="globe"
        key="Notifications"
        link="/profile/notifications"
        search=""
        title="Notifications"
      />
      <withRouter(NavLink)
        hidden={false}
        iconName="clock-o"
        key="Saved Searches"
        link="/profile/searches/"
        search=""
        title="Saved Searches"
      />
      <withRouter(NavLink)
        hidden={false}
        iconName="cogs"
        key="Settings"
        link="/profile/settings/"
        search=""
        title="Settings"
      />
    </withRouter(NavLink)>
    <withRouter(NavLink)
      expandedSection={
        Object {
          "display": false,
          "title": "",
        }
      }
      hidden={true}
      iconName="sitemap"
      key="Administrator"
      search=""
      title="Administrator"
      toggleMenuSection={[Function]}
    >
      <withRouter(NavLink)
        hidden={true}
        iconName="tachometer"
        key="Dashboard"
        link="/profile/administrator/dashboard/"
        search=""
        title="Dashboard"
      />
      <withRouter(NavLink)
        hidden={false}
        iconName="hourglass-start"
        key="Bid Cycles"
        link="/profile/administrator/cycles/"
        search=""
        title="Bid Cycles"
      />
      <withRouter(NavLink)
        hidden={true}
        iconName="flag"
        key="Feature Flags"
        link="/profile/administrator/featureflags/"
        search=""
        title="Feature Flags"
      />
      <withRouter(NavLink)
        hidden={true}
        iconName="book"
        key="Glossary Editor"
        link="/profile/glossaryeditor/"
        search=""
        title="Glossary Editor"
      />
      <withRouter(NavLink)
        hidden={true}
        iconName="sitemap"
        key="Logs"
        link="/profile/administrator/logs/"
        search=""
        title="Logs"
      />
      <withRouter(NavLink)
        hidden={true}
        iconName="calendar"
        key="Panel"
        link="/profile/administrator/panel/"
        search=""
        title="Panel"
      />
      <withRouter(NavLink)
        hidden={true}
        iconName="bar-chart"
        key="Statistics"
        link="/profile/administrator/stats/"
        search=""
        title="Statistics"
      />
      <withRouter(NavLink)
        hidden={true}
        iconName="users"
        key="User Roles"
        link="/profile/administrator/userroles/"
        search=""
        title="User Roles"
      />
    </withRouter(NavLink)>
    <withRouter(NavLink)
      expandedSection={
        Object {
          "display": false,
          "title": "",
        }
      }
      hidden={true}
      iconName="building-o"
      key="AO"
      search=""
      title="AO"
      toggleMenuSection={[Function]}
    >
      <withRouter(NavLink)
        hidden={true}
        iconName="users"
        key="Available Bidders"
        link="/profile/ao/availablebidders"
        search=""
        title="Available Bidders"
      />
      <withRouter(NavLink)
        hidden={true}
        iconName="sticky-note"
        key="Employee Agendas"
        link="/profile/ao/employeeagendas"
        search=""
        title="Employee Agendas"
      />
      <withRouter(NavLink)
        hidden={true}
        iconName="calendar"
        key="Panel Meetings"
        link="/profile/ao/panelmeetings"
        search=""
        title="Panel Meetings"
      />
    </withRouter(NavLink)>
    <withRouter(NavLink)
      expandedSection={
        Object {
          "display": false,
          "title": "",
        }
      }
      hidden={true}
      iconName="building"
      key="Bureau"
      search=""
      title="Bureau"
      toggleMenuSection={[Function]}
    >
      <withRouter(NavLink)
        hidden={true}
        iconName="users"
        key="Available Bidders"
        link="/profile/bureau/availablebidders"
        search=""
        title="Available Bidders"
      />
      <withRouter(NavLink)
        hidden={true}
        iconName="map"
        key="Position Management"
        link="/profile/bureau/positionmanager"
        search=""
        title="Position Management"
      />
      <withRouter(NavLink)
        hidden={true}
        iconName=" fa-keyboard-o"
        key="Projected Vacancy Management"
        link="/profile/bureau/projectedvacancy"
        search=""
        title="Projected Vacancy Management"
      />
      <withRouter(NavLink)
        hidden={true}
        iconName=" fa-newspaper-o"
        key="Publishable Positions"
        link="/profile/bureau/publishablepositions"
        search=""
        title="Publishable Positions"
      />
    </withRouter(NavLink)>
    <withRouter(NavLink)
      expandedSection={
        Object {
          "display": false,
          "title": "",
        }
      }
      hidden={true}
      iconName="street-view"
      key="CDO"
      search=""
      title="CDO"
      toggleMenuSection={[Function]}
    >
      <withRouter(NavLink)
        hidden={true}
        iconName="users"
        key="Available Bidders"
        link="/profile/cdo/availablebidders"
        search=""
        title="Available Bidders"
      />
      <withRouter(NavLink)
        hidden={true}
        iconName="address-book"
        key="Client Profiles"
        link="/profile/cdo/bidderportfolio"
        search="?type=all"
        title="Client Profiles"
      />
      <withRouter(NavLink)
        hidden={true}
        iconName="sticky-note"
        key="Employee Agendas"
        link="/profile/cdo/employeeagendas"
        search=""
        title="Employee Agendas"
      />
      <withRouter(NavLink)
        hidden={true}
        iconName="calendar"
        key="Panel Meetings"
        link="/profile/cdo/panelmeetings"
        search=""
        title="Panel Meetings"
      />
    </withRouter(NavLink)>
    <withRouter(NavLink)
      expandedSection={
        Object {
          "display": false,
          "title": "",
        }
      }
      hidden={true}
      iconName="building"
      key="Post"
      search=""
      title="Post"
      toggleMenuSection={[Function]}
    >
      <withRouter(NavLink)
        hidden={true}
        iconName="users"
        key="Available Bidders"
        link="/profile/post/availablebidders"
        search=""
        title="Available Bidders"
      />
      <withRouter(NavLink)
        hidden={true}
        iconName="map"
        key="Position Management"
        link="/profile/post/positionmanager"
        search=""
        title="Position Management"
      />
    </withRouter(NavLink)>
  </NavLinksContainer>
</div>
`;
