// Jest Snapshot v1, https://goo.gl/fbAQLP

exports[`PositionDetailsItem matches snapshot 1`] = `
<div
  className="usa-grid-full"
>
  <div
    className="usa-grid position-details-description-container positions-details-about-position"
  >
    <div
      className="usa-width-two-thirds about-section-left"
    >
      <h2>
        About the Position
      </h2>
      <PositionDetailsDescription
        details={
          Object {
            "bid_statistics": Array [
              Object {
                "at_skill": 0,
                "bidcycle": 1,
                "id": 1,
                "in_grade": 0,
                "in_grade_at_skill": 0,
                "total_bids": 3,
              },
            ],
            "bureau": null,
            "create_date": "2006-09-20",
            "description": Object {
              "content": "a description",
              "point_of_contact": "202-555-5555",
              "website": "https://www.state.gov/post",
            },
            "grade": "05",
            "id": 6,
            "is_overseas": true,
            "languages": Array [],
            "organization": null,
            "position_number": "00003027",
            "post": null,
            "skill": "OFFICE MANAGEMENT (9017)",
            "title": "Test Position",
            "update_date": "2017-06-08",
          }
        }
        editDescriptionContent={[Function]}
        resetDescriptionEditMessages={[Function]}
      />
      <div
        className="usa-grid-full data-point-section"
      >
        <CondensedCardDataPoint
          content="OFFICE MANAGEMENT (9017)"
          hasFixedTitleWidth={false}
          title="Skill Code"
        />
        <CondensedCardDataPoint
          content="00003027"
          hasFixedTitleWidth={false}
          title="Position Number"
        />
        <CondensedCardDataPoint
          content={
            <LanguageList
              languages={Array []}
              propToUse="language"
            />
          }
          hasFixedTitleWidth={false}
          title="Language"
        />
        <CondensedCardDataPoint
          content="05"
          hasFixedTitleWidth={false}
          title="Grade"
        />
        <CondensedCardDataPoint
          content="None listed"
          hasFixedTitleWidth={false}
          title="Transfer Eligibility Date"
        />
        <CondensedCardDataPoint
          content="None listed"
          hasFixedTitleWidth={false}
          title="Incumbent"
        />
        <CondensedCardDataPoint
          content="None listed"
          hasFixedTitleWidth={false}
          title="Bureau"
        />
        <CondensedCardDataPoint
          content="None listed"
          hasFixedTitleWidth={false}
          title="Tour of Duty"
        />
        <CondensedCardDataPoint
          content="N/A"
          hasFixedTitleWidth={false}
          title="Post Differential"
        />
        <CondensedCardDataPoint
          content="N/A"
          hasFixedTitleWidth={false}
          title="Danger Pay"
        />
      </div>
    </div>
    <div
      className="usa-width-one-third position-details-contact-container"
    >
      <PositionDetailsContact
        bidListToggleIsLoading={false}
        details={
          Object {
            "bid_statistics": Array [
              Object {
                "at_skill": 0,
                "bidcycle": 1,
                "id": 1,
                "in_grade": 0,
                "in_grade_at_skill": 0,
                "total_bids": 3,
              },
            ],
            "bureau": null,
            "create_date": "2006-09-20",
            "description": Object {
              "content": "a description",
              "point_of_contact": "202-555-5555",
              "website": "https://www.state.gov/post",
            },
            "grade": "05",
            "id": 6,
            "is_overseas": true,
            "languages": Array [],
            "organization": null,
            "position_number": "00003027",
            "post": null,
            "skill": "OFFICE MANAGEMENT (9017)",
            "title": "Test Position",
            "update_date": "2017-06-08",
          }
        }
        editPocContent={[Function]}
        editWebsiteContent={[Function]}
        resetDescriptionEditMessages={[Function]}
      />
    </div>
  </div>
</div>
`;
