// Jest Snapshot v1, https://goo.gl/fbAQLP

exports[`PositionInformationComponent matches snapshot 1`] = `
<div
  className="usa-grid-full"
>
  <div
    className="section-padded-inner-container"
  >
    <PositionInformation
      className=""
      icon="flag"
      small={false}
      title="Position Information"
    />
    <InformationDataPoint
      className=""
      content={
        <StartEnd
          end="10/10/2018"
          start="10/10/2016"
        />
      }
      sideBySide={false}
      title="Start date to End date"
      titleOnBottom={false}
    />
    <InformationDataPoint
      className=""
      content="(NEA) BUREAU NEAR EASTERN AFFAIRS"
      sideBySide={false}
      title="Bureau"
      titleOnBottom={false}
    />
    <InformationDataPoint
      className=""
      content="PROJECT DIRECTOR"
      sideBySide={false}
      title="Position title"
      titleOnBottom={false}
    />
    <InformationDataPoint
      className=""
      content="CONSTRUCTION ENGINEERING (6218)"
      sideBySide={false}
      title="Skill"
      titleOnBottom={false}
    />
  </div>
</div>
`;
