// Jest Snapshot v1, https://goo.gl/fbAQLP

exports[`ClientBadge matches snapshot 1`] = `
<div
  className="usa-grid-full client-badge-container client-badge-container--text client-badge-container--success"
>
  <div
    className="client-badge"
  >
    <Tooltip
      animateFill={true}
      animation="shift"
      arrow={true}
      arrowSize="regular"
      className=""
      delay={0}
      disabled={false}
      distance={10}
      duration={375}
      followCursor={false}
      hideDelay={0}
      hideDuration={375}
      hideOnClick={true}
      html={null}
      inertia={false}
      interactive={false}
      interactiveBorder={2}
      multiple={false}
      offset={-95}
      onHidden={[Function]}
      onHide={[Function]}
      onRequestClose={[Function]}
      onShow={[Function]}
      onShown={[Function]}
      popperOptions={Object {}}
      position="top-end"
      size="regular"
      sticky={false}
      stickyDuration={200}
      style={Object {}}
      tabIndex="0"
      tag="div"
      theme="dark"
      title="None"
      touchHold={false}
      trigger="mouseenter focus"
      unmountHTMLWhenHide={false}
      zIndex={9999}
    >
      <FontAwesomeIcon
        aria-label="type of \\"undefined\\" with status of \\"undefined\\""
        border={false}
        className=""
        fixedWidth={false}
        flip={null}
        icon="None"
        inverse={false}
        listItem={false}
        mask={null}
        pull={null}
        pulse={false}
        rotation={null}
        size={null}
        spin={false}
        swapOpacity={false}
        symbol={false}
        title=""
        transform={null}
      />
    </Tooltip>
  </div>
  <div
    className="client-badge-text"
  >
    <span>
      None
    </span>
  </div>
</div>
`;
