// Jest Snapshot v1, https://goo.gl/fbAQLP

exports[`ClientBadge matches snapshot 1`] = `
<div
  className="usa-grid-full client-badge-container client-badge-container--icon client-badge-container--success"
>
  <div
    className="client-badge"
  >
    <FontAwesome
      aria-label="type of \\"3\\" with status of \\"undefined\\""
      name="bath"
    />
  </div>
  <div
    className="client-badge-text"
  >
    <span>
      3
    </span>
  </div>
</div>
`;
