// Jest Snapshot v1, https://goo.gl/fbAQLP

exports[`BidListResultsCardComponent matches snapshot 1`] = `
<div
  className="usa-grid-full saved-search-card"
>
  <div
    className="usa-grid-full"
  >
    <div
      className="usa-width-one-whole saved-search-card-name"
    >
      <InformationDataPoint
        className=""
        content={
          <BidContent
            positionNumber="05A"
            postName="Paris"
            status="submitted"
          />
        }
        title="Updated on undefined"
        titleOnBottom={true}
      />
    </div>
  </div>
  <div>
    <div
      className="usa-width-one-whole"
    >
      You submitted this bid on 
    </div>
  </div>
</div>
`;
