// Jest Snapshot v1, https://goo.gl/fbAQLP

exports[`BidListResultsCardComponent matches snapshot 1`] = `
<div
  className="usa-grid-full saved-search-card"
>
  <div
    className="usa-grid-full"
  >
    <div
      className="usa-width-one-whole saved-search-card-name"
    >
      <InformationDataPoint
        className=""
        content={
          <div>
            <BidContent
              bidStatistics={
                Object {
                  "approved": 0,
                  "bidcycle": "Demo BidCycle 2018-01-10 15:52:20.583434",
                  "closed": 0,
                  "declined": 0,
                  "draft": 3,
                  "handshake_accepted": 0,
                  "handshake_declined": 0,
                  "handshake_offered": 3,
                  "id": 4,
                  "in_panel": 0,
                  "submitted": 4,
                  "user": "Jenny Townpost",
                }
              }
              positionNumber="05A"
              positionTitle="AO"
              postName="Paris"
              status="submitted"
            />
          </div>
        }
        sideBySide={false}
        title={null}
        titleOnBottom={true}
      />
    </div>
  </div>
  <BidActions
    onRemoveBid={[Function]}
    onSubmitBid={[Function]}
    status="submitted"
  />
</div>
`;
