// Jest Snapshot v1, https://goo.gl/fbAQLP

exports[`RemarksGlossary Component matches snapshot 1`] = `
<div
  className="usa-grid-full remarks-glossary-container"
>
  <TextInput
    changeText={[Function]}
    containerProps={Object {}}
    customContainerClass=""
    disabled={false}
    id="remarks-search"
    inputProps={
      Object {
        "autoComplete": "off",
      }
    }
    label=""
    labelMessage=""
    labelSrOnly={true}
    placeholder="Search for Remarks"
    value=""
  />
  <div
    className="remarks-glossary-container"
  >
    <div
      className="usa-grid-full remarks-categories-container"
    />
  </div>
</div>
`;
