// Jest Snapshot v1, https://goo.gl/fbAQLP

exports[`PanelMeetingTracker matches snapshot 1`] = `
<Fragment>
  <div
    className="panel-meeting-type-container"
  >
    <div
      className="panel-meeting-row-name"
    />
    <div
      className="panel-status panel-status--"
    >
      None listed
    </div>
  </div>
  <div
    className="progress-container"
  >
    <Tracker
      data={
        Array [
          Object {
            "label": "Pre-Panel",
          },
          Object {
            "label": "Addendum",
          },
          Object {
            "label": "Panel",
          },
          Object {
            "label": "Post-Panel",
          },
          Object {
            "label": "Complete",
          },
        ]
      }
    />
  </div>
</Fragment>
`;
