// Jest Snapshot v1, https://goo.gl/fbAQLP

exports[`Toggle matches snapshot 1`] = `
<div
  className="toggle-container"
>
  <button
    className="toggle-button toggle-button--selected toggle-tandem-1"
    key="1"
    onClick={[Function]}
    value={1}
  >
    a
  </button>
  <button
    className="toggle-button  toggle-tandem-2"
    key="2"
    onClick={[Function]}
    value={2}
  >
    b
  </button>
  <button
    className="toggle-button  toggle-pv"
    key="projected"
    onClick={[Function]}
    value="projected"
  >
    Projected Vacancies
  </button>
  <button
    className="toggle-button  toggle-ap"
    key="open"
    onClick={[Function]}
    value="open"
  >
    Open Positions
  </button>
  <button
    className="toggle-button  "
    key="3"
    onClick={[Function]}
    value={3}
  >
    c
  </button>
</div>
`;
