// Jest Snapshot v1, https://goo.gl/fbAQLP

exports[`BidderPortfolioGridListComponent matches snapshot 1`] = `
<div>
  <Accordion
    className="usa-grid-full accordion-inverse user-dashboard portfolio-row-list"
    isMultiselectable={true}
  >
    <AccordionItem
      buttonClass=""
      childClass=""
      className="portfolio-row"
      controlled={true}
      disabled={false}
      expanded={false}
      id="5-row"
      key="5"
      setAccordion={[Function]}
      title=""
      useIdClass={true}
    >
      <BidderPortfolioStatRow
        classifications={
          Array [
            Object {
              "code": "3",
              "disabled_ind": false,
              "text": "3rd Tour Bidders",
            },
            Object {
              "code": "4",
              "disabled_ind": false,
              "text": "Tenured 4",
            },
            Object {
              "code": "D",
              "disabled_ind": true,
              "text": "Differential Bidder",
            },
            Object {
              "code": "T",
              "disabled_ind": false,
              "text": "Tandem Bidder",
            },
            Object {
              "code": "M",
              "disabled_ind": false,
              "text": "Meritorious Step Increases",
            },
            Object {
              "code": "6",
              "disabled_ind": false,
              "text": "6/8 Rule",
            },
            Object {
              "code": "F",
              "disabled_ind": false,
              "text": "Fair Share Bidders",
            },
            Object {
              "code": "C",
              "disabled_ind": false,
              "text": "Critical Need Language",
            },
            Object {
              "code": "C1",
              "disabled_ind": false,
              "text": "Critical Need Language 1st Tour Complete",
            },
            Object {
              "code": "CC",
              "disabled_ind": false,
              "text": "Critical Need Language Final Tour Complete",
            },
            Object {
              "code": "R",
              "disabled_ind": false,
              "text": "Recommended for Tenure",
            },
            Object {
              "code": "A",
              "disabled_ind": false,
              "text": "Ambassador or Deputy Assistant Secretary",
            },
            Object {
              "code": "F1",
              "disabled_ind": false,
              "text": "Pickering Fellows",
            },
            Object {
              "code": "F2",
              "disabled_ind": false,
              "text": "Rangel Fellows",
            },
            Object {
              "code": "P",
              "disabled_ind": false,
              "text": "Pickering/Rangel Fellows",
            },
          ]
        }
        showEdit={false}
        userProfile={
          Object {
            "bid_statistics": Array [
              Object {
                "approved": 0,
                "bidcycle": "Demo BidCycle 2018-01-10 15:52:20.583434",
                "closed": 0,
                "declined": 0,
                "draft": 6,
                "handshake_accepted": 0,
                "handshake_declined": 0,
                "handshake_offered": 1,
                "id": 1,
                "in_panel": 0,
                "submitted": 3,
                "user": "Kara Batisak",
              },
            ],
            "current_assignment": "(active) Kara Batisak at [58312265] PROJECT DIRECTOR (Guatemala, Guatemala)",
            "grade": "01",
            "id": 5,
            "is_cdo": false,
            "language_qualifications": Array [],
            "primary_nationality": "United States",
            "secondary_nationality": null,
            "skills": Array [
              Object {
                "code": "6218",
                "cone": null,
                "description": "CONSTRUCTION ENGINEERING",
                "id": 63,
              },
            ],
            "user": Object {
              "email": "batisak@state.gov",
              "first_name": "Kara",
              "last_name": "Batisak",
              "username": "batisak",
            },
          }
        }
        viewType=""
      />
    </AccordionItem>
    <AccordionItem
      buttonClass=""
      childClass=""
      className="portfolio-row"
      controlled={true}
      disabled={false}
      expanded={false}
      id="3-row"
      key="3"
      setAccordion={[Function]}
      title=""
      useIdClass={true}
    >
      <BidderPortfolioStatRow
        classifications={
          Array [
            Object {
              "code": "3",
              "disabled_ind": false,
              "text": "3rd Tour Bidders",
            },
            Object {
              "code": "4",
              "disabled_ind": false,
              "text": "Tenured 4",
            },
            Object {
              "code": "D",
              "disabled_ind": true,
              "text": "Differential Bidder",
            },
            Object {
              "code": "T",
              "disabled_ind": false,
              "text": "Tandem Bidder",
            },
            Object {
              "code": "M",
              "disabled_ind": false,
              "text": "Meritorious Step Increases",
            },
            Object {
              "code": "6",
              "disabled_ind": false,
              "text": "6/8 Rule",
            },
            Object {
              "code": "F",
              "disabled_ind": false,
              "text": "Fair Share Bidders",
            },
            Object {
              "code": "C",
              "disabled_ind": false,
              "text": "Critical Need Language",
            },
            Object {
              "code": "C1",
              "disabled_ind": false,
              "text": "Critical Need Language 1st Tour Complete",
            },
            Object {
              "code": "CC",
              "disabled_ind": false,
              "text": "Critical Need Language Final Tour Complete",
            },
            Object {
              "code": "R",
              "disabled_ind": false,
              "text": "Recommended for Tenure",
            },
            Object {
              "code": "A",
              "disabled_ind": false,
              "text": "Ambassador or Deputy Assistant Secretary",
            },
            Object {
              "code": "F1",
              "disabled_ind": false,
              "text": "Pickering Fellows",
            },
            Object {
              "code": "F2",
              "disabled_ind": false,
              "text": "Rangel Fellows",
            },
            Object {
              "code": "P",
              "disabled_ind": false,
              "text": "Pickering/Rangel Fellows",
            },
          ]
        }
        showEdit={false}
        userProfile={
          Object {
            "bid_statistics": Array [],
            "current_assignment": "(active) John Doe at [10181012] INTERNATIONAL RELATIONS OFF (Singapore, Singapore)",
            "grade": "02",
            "id": 3,
            "is_cdo": false,
            "language_qualifications": Array [],
            "primary_nationality": "United States",
            "secondary_nationality": null,
            "skills": Array [
              Object {
                "code": "6080",
                "cone": null,
                "description": "INTERFUNCTIONAL OFFICER OPER",
                "id": 55,
              },
            ],
            "user": Object {
              "email": "doej@talentmap.us",
              "first_name": "John",
              "last_name": "Doe",
              "username": "doej",
            },
          }
        }
        viewType=""
      />
    </AccordionItem>
    <AccordionItem
      buttonClass=""
      childClass=""
      className="portfolio-row"
      controlled={true}
      disabled={false}
      expanded={false}
      id="1-row"
      key="1"
      setAccordion={[Function]}
      title=""
      useIdClass={true}
    >
      <BidderPortfolioStatRow
        classifications={
          Array [
            Object {
              "code": "3",
              "disabled_ind": false,
              "text": "3rd Tour Bidders",
            },
            Object {
              "code": "4",
              "disabled_ind": false,
              "text": "Tenured 4",
            },
            Object {
              "code": "D",
              "disabled_ind": true,
              "text": "Differential Bidder",
            },
            Object {
              "code": "T",
              "disabled_ind": false,
              "text": "Tandem Bidder",
            },
            Object {
              "code": "M",
              "disabled_ind": false,
              "text": "Meritorious Step Increases",
            },
            Object {
              "code": "6",
              "disabled_ind": false,
              "text": "6/8 Rule",
            },
            Object {
              "code": "F",
              "disabled_ind": false,
              "text": "Fair Share Bidders",
            },
            Object {
              "code": "C",
              "disabled_ind": false,
              "text": "Critical Need Language",
            },
            Object {
              "code": "C1",
              "disabled_ind": false,
              "text": "Critical Need Language 1st Tour Complete",
            },
            Object {
              "code": "CC",
              "disabled_ind": false,
              "text": "Critical Need Language Final Tour Complete",
            },
            Object {
              "code": "R",
              "disabled_ind": false,
              "text": "Recommended for Tenure",
            },
            Object {
              "code": "A",
              "disabled_ind": false,
              "text": "Ambassador or Deputy Assistant Secretary",
            },
            Object {
              "code": "F1",
              "disabled_ind": false,
              "text": "Pickering Fellows",
            },
            Object {
              "code": "F2",
              "disabled_ind": false,
              "text": "Rangel Fellows",
            },
            Object {
              "code": "P",
              "disabled_ind": false,
              "text": "Pickering/Rangel Fellows",
            },
          ]
        }
        showEdit={false}
        userProfile={
          Object {
            "bid_statistics": Array [],
            "current_assignment": "(active) Guest McGuestson at [58312870] CONSTRUCTION MANAGER (Nogales, Mexico)",
            "grade": "03",
            "id": 1,
            "is_cdo": false,
            "language_qualifications": Array [],
            "primary_nationality": "United States",
            "secondary_nationality": null,
            "skills": Array [
              Object {
                "code": "6218",
                "cone": null,
                "description": "CONSTRUCTION ENGINEERING",
                "id": 63,
              },
            ],
            "user": Object {
              "email": "guest@state.gov",
              "first_name": "Guest",
              "last_name": "McGuestson",
              "username": "guest",
            },
          }
        }
        viewType=""
      />
    </AccordionItem>
    <AccordionItem
      buttonClass=""
      childClass=""
      className="portfolio-row"
      controlled={true}
      disabled={false}
      expanded={false}
      id="6-row"
      key="6"
      setAccordion={[Function]}
      title=""
      useIdClass={true}
    >
      <BidderPortfolioStatRow
        classifications={
          Array [
            Object {
              "code": "3",
              "disabled_ind": false,
              "text": "3rd Tour Bidders",
            },
            Object {
              "code": "4",
              "disabled_ind": false,
              "text": "Tenured 4",
            },
            Object {
              "code": "D",
              "disabled_ind": true,
              "text": "Differential Bidder",
            },
            Object {
              "code": "T",
              "disabled_ind": false,
              "text": "Tandem Bidder",
            },
            Object {
              "code": "M",
              "disabled_ind": false,
              "text": "Meritorious Step Increases",
            },
            Object {
              "code": "6",
              "disabled_ind": false,
              "text": "6/8 Rule",
            },
            Object {
              "code": "F",
              "disabled_ind": false,
              "text": "Fair Share Bidders",
            },
            Object {
              "code": "C",
              "disabled_ind": false,
              "text": "Critical Need Language",
            },
            Object {
              "code": "C1",
              "disabled_ind": false,
              "text": "Critical Need Language 1st Tour Complete",
            },
            Object {
              "code": "CC",
              "disabled_ind": false,
              "text": "Critical Need Language Final Tour Complete",
            },
            Object {
              "code": "R",
              "disabled_ind": false,
              "text": "Recommended for Tenure",
            },
            Object {
              "code": "A",
              "disabled_ind": false,
              "text": "Ambassador or Deputy Assistant Secretary",
            },
            Object {
              "code": "F1",
              "disabled_ind": false,
              "text": "Pickering Fellows",
            },
            Object {
              "code": "F2",
              "disabled_ind": false,
              "text": "Rangel Fellows",
            },
            Object {
              "code": "P",
              "disabled_ind": false,
              "text": "Pickering/Rangel Fellows",
            },
          ]
        }
        showEdit={false}
        userProfile={
          Object {
            "bid_statistics": Array [
              Object {
                "approved": 0,
                "bidcycle": "Demo BidCycle 2018-01-10 15:52:20.583434",
                "closed": 0,
                "declined": 0,
                "draft": 5,
                "handshake_accepted": 0,
                "handshake_declined": 0,
                "handshake_offered": 3,
                "id": 2,
                "in_panel": 0,
                "submitted": 2,
                "user": "Tarek Rehman",
              },
            ],
            "current_assignment": "(active) Tarek Rehman at [56457009] ASST REGIONAL SECURITY OFCR (Adana, Turkey)",
            "grade": "04",
            "id": 6,
            "is_cdo": false,
            "language_qualifications": Array [],
            "primary_nationality": "United States",
            "secondary_nationality": null,
            "skills": Array [
              Object {
                "code": "2501",
                "cone": null,
                "description": "SECURITY",
                "id": 20,
              },
            ],
            "user": Object {
              "email": "rehmant@state.gov",
              "first_name": "Tarek",
              "last_name": "Rehman",
              "username": "rehmant",
            },
          }
        }
        viewType=""
      />
    </AccordionItem>
    <AccordionItem
      buttonClass=""
      childClass=""
      className="portfolio-row"
      controlled={true}
      disabled={false}
      expanded={false}
      id="2-row"
      key="2"
      setAccordion={[Function]}
      title=""
      useIdClass={true}
    >
      <BidderPortfolioStatRow
        classifications={
          Array [
            Object {
              "code": "3",
              "disabled_ind": false,
              "text": "3rd Tour Bidders",
            },
            Object {
              "code": "4",
              "disabled_ind": false,
              "text": "Tenured 4",
            },
            Object {
              "code": "D",
              "disabled_ind": true,
              "text": "Differential Bidder",
            },
            Object {
              "code": "T",
              "disabled_ind": false,
              "text": "Tandem Bidder",
            },
            Object {
              "code": "M",
              "disabled_ind": false,
              "text": "Meritorious Step Increases",
            },
            Object {
              "code": "6",
              "disabled_ind": false,
              "text": "6/8 Rule",
            },
            Object {
              "code": "F",
              "disabled_ind": false,
              "text": "Fair Share Bidders",
            },
            Object {
              "code": "C",
              "disabled_ind": false,
              "text": "Critical Need Language",
            },
            Object {
              "code": "C1",
              "disabled_ind": false,
              "text": "Critical Need Language 1st Tour Complete",
            },
            Object {
              "code": "CC",
              "disabled_ind": false,
              "text": "Critical Need Language Final Tour Complete",
            },
            Object {
              "code": "R",
              "disabled_ind": false,
              "text": "Recommended for Tenure",
            },
            Object {
              "code": "A",
              "disabled_ind": false,
              "text": "Ambassador or Deputy Assistant Secretary",
            },
            Object {
              "code": "F1",
              "disabled_ind": false,
              "text": "Pickering Fellows",
            },
            Object {
              "code": "F2",
              "disabled_ind": false,
              "text": "Rangel Fellows",
            },
            Object {
              "code": "P",
              "disabled_ind": false,
              "text": "Pickering/Rangel Fellows",
            },
          ]
        }
        showEdit={false}
        userProfile={
          Object {
            "bid_statistics": Array [],
            "current_assignment": "(active) Administrator TalentMAP at [58312869] PROJECT DIRECTOR (Nogales, Mexico)",
            "grade": "01",
            "id": 2,
            "is_cdo": false,
            "language_qualifications": Array [],
            "primary_nationality": "United States",
            "secondary_nationality": null,
            "skills": Array [
              Object {
                "code": "6218",
                "cone": null,
                "description": "CONSTRUCTION ENGINEERING",
                "id": 63,
              },
            ],
            "user": Object {
              "email": "admin@talentmap.us",
              "first_name": "Administrator",
              "last_name": "TalentMAP",
              "username": "admin",
            },
          }
        }
        viewType=""
      />
    </AccordionItem>
    <AccordionItem
      buttonClass=""
      childClass=""
      className="portfolio-row"
      controlled={true}
      disabled={false}
      expanded={false}
      id="4-row"
      key="4"
      setAccordion={[Function]}
      title=""
      useIdClass={true}
    >
      <BidderPortfolioStatRow
        classifications={
          Array [
            Object {
              "code": "3",
              "disabled_ind": false,
              "text": "3rd Tour Bidders",
            },
            Object {
              "code": "4",
              "disabled_ind": false,
              "text": "Tenured 4",
            },
            Object {
              "code": "D",
              "disabled_ind": true,
              "text": "Differential Bidder",
            },
            Object {
              "code": "T",
              "disabled_ind": false,
              "text": "Tandem Bidder",
            },
            Object {
              "code": "M",
              "disabled_ind": false,
              "text": "Meritorious Step Increases",
            },
            Object {
              "code": "6",
              "disabled_ind": false,
              "text": "6/8 Rule",
            },
            Object {
              "code": "F",
              "disabled_ind": false,
              "text": "Fair Share Bidders",
            },
            Object {
              "code": "C",
              "disabled_ind": false,
              "text": "Critical Need Language",
            },
            Object {
              "code": "C1",
              "disabled_ind": false,
              "text": "Critical Need Language 1st Tour Complete",
            },
            Object {
              "code": "CC",
              "disabled_ind": false,
              "text": "Critical Need Language Final Tour Complete",
            },
            Object {
              "code": "R",
              "disabled_ind": false,
              "text": "Recommended for Tenure",
            },
            Object {
              "code": "A",
              "disabled_ind": false,
              "text": "Ambassador or Deputy Assistant Secretary",
            },
            Object {
              "code": "F1",
              "disabled_ind": false,
              "text": "Pickering Fellows",
            },
            Object {
              "code": "F2",
              "disabled_ind": false,
              "text": "Rangel Fellows",
            },
            Object {
              "code": "P",
              "disabled_ind": false,
              "text": "Pickering/Rangel Fellows",
            },
          ]
        }
        showEdit={false}
        userProfile={
          Object {
            "bid_statistics": Array [
              Object {
                "approved": 0,
                "bidcycle": "Demo BidCycle 2018-01-10 15:52:20.583434",
                "closed": 0,
                "declined": 0,
                "draft": 3,
                "handshake_accepted": 0,
                "handshake_declined": 0,
                "handshake_offered": 3,
                "id": 4,
                "in_panel": 0,
                "submitted": 4,
                "user": "Jenny Townpost",
              },
            ],
            "current_assignment": "(active) Jenny Townpost at [10026129] INTERNATIONAL RELATIONS OFF (Port Moresby, Papua New Guinea)",
            "grade": "02",
            "id": 4,
            "is_cdo": false,
            "language_qualifications": Array [],
            "primary_nationality": "United States",
            "secondary_nationality": null,
            "skills": Array [
              Object {
                "code": "6080",
                "cone": null,
                "description": "INTERFUNCTIONAL OFFICER OPER",
                "id": 55,
              },
            ],
            "user": Object {
              "email": "townpostj@state.gov",
              "first_name": "Jenny",
              "last_name": "Townpost",
              "username": "townpostj",
            },
          }
        }
        viewType=""
      />
    </AccordionItem>
  </Accordion>
</div>
`;
