// Jest Snapshot v1, https://goo.gl/fbAQLP

exports[`LanguageFilterComponent matches snapshot 1`] = `
<Accordion>
  <AccordionItem
    divClass="language-accordion-item"
    expanded={false}
    id="language-language-section"
    setAccordion={[Function]}
    title="language"
  >
    <SelectForm
      defaultSort=""
      id="speaking-language-dropdown"
      label="Speaking"
      languages={Array []}
      onSelectOption={[Function]}
      options={
        Array [
          Object {
            "text": "0",
            "value": "0",
          },
          Object {
            "text": "0+",
            "value": "0+",
          },
          Object {
            "text": "1",
            "value": "1",
          },
          Object {
            "text": "1+",
            "value": "1+",
          },
          Object {
            "text": "2",
            "value": "2",
          },
          Object {
            "text": "2+",
            "value": "2+",
          },
          Object {
            "text": "3",
            "value": "3",
          },
          Object {
            "text": "3+",
            "value": "3+",
          },
          Object {
            "text": "4",
            "value": "4",
          },
          Object {
            "text": "4+",
            "value": "4+",
          },
          Object {
            "text": "5",
            "value": "5",
          },
        ]
      }
    />
    <SelectForm
      defaultSort=""
      id="reading-language-dropdown"
      label="Reading"
      languages={Array []}
      onSelectOption={[Function]}
      options={
        Array [
          Object {
            "text": "0",
            "value": "0",
          },
          Object {
            "text": "0+",
            "value": "0+",
          },
          Object {
            "text": "1",
            "value": "1",
          },
          Object {
            "text": "1+",
            "value": "1+",
          },
          Object {
            "text": "2",
            "value": "2",
          },
          Object {
            "text": "2+",
            "value": "2+",
          },
          Object {
            "text": "3",
            "value": "3",
          },
          Object {
            "text": "3+",
            "value": "3+",
          },
          Object {
            "text": "4",
            "value": "4",
          },
          Object {
            "text": "4+",
            "value": "4+",
          },
          Object {
            "text": "5",
            "value": "5",
          },
        ]
      }
    />
  </AccordionItem>
</Accordion>
`;
