// Jest Snapshot v1, https://goo.gl/fbAQLP

exports[`UserProfileGeneralInformationComponent matches snapshot 1`] = `
<div
  className="current-user-top current-user-section-container"
>
  <div
    className="section-padded-inner-container"
  >
    <Avatar
      className="dashboard-user-profile-picture"
      display_name="John"
      firstName="John"
      initials="JD"
      lastName="Doe"
      onClick={[Function]}
    />
    <PositionInformation
      className="current-user-name"
      icon=""
      small={true}
      title="John Doe"
    />
  </div>
</div>
`;

exports[`UserProfileGeneralInformationComponent matches snapshot when showEditLink is true 1`] = `
<div
  className="current-user-top current-user-section-container"
>
  <div
    className="section-padded-inner-container"
  >
    <Avatar
      className="dashboard-user-profile-picture"
      display_name="John"
      firstName="John"
      initials="JD"
      lastName="Doe"
      onClick={[Function]}
    />
    <PositionInformation
      className="current-user-name"
      icon=""
      small={true}
      title="John Doe"
    />
  </div>
</div>
`;

exports[`UserProfileGeneralInformationComponent matches snapshot when useGroup is true 1`] = `
<div
  className="current-user-top current-user-section-container"
>
  <div
    className="section-padded-inner-container"
  >
    <Avatar
      className="dashboard-user-profile-picture"
      display_name="John"
      firstName="John"
      initials="JD"
      lastName="Doe"
      onClick={[Function]}
    />
    <PositionInformation
      className="current-user-name"
      icon=""
      small={true}
      title="John Doe"
    />
  </div>
</div>
`;
