// Jest Snapshot v1, https://goo.gl/fbAQLP

exports[`TextEditorComponent matches snapshot 1`] = `
<div>
  <div
    className="editor"
    onClick={[Function]}
    role="textbox"
    tabIndex="0"
  >
    <PluginEditor
      customStyleMap={Object {}}
      decorators={Array []}
      defaultBlockRenderMap={true}
      defaultKeyBindings={true}
      editorState={
        EditorState {
          "_immutable": Object {
            "allowUndo": true,
            "currentContent": Object {
              "blockMap": Object {
                "7ehf9": Object {
                  "characterList": Array [],
                  "data": Object {},
                  "depth": 0,
                  "key": "7ehf9",
                  "text": "",
                  "type": "unstyled",
                },
              },
              "entityMap": Object {
                "__add": [Function],
                "__create": [Function],
                "__get": [Function],
                "__getLastCreatedEntityKey": [Function],
                "__mergeData": [Function],
                "__replaceData": [Function],
                "add": [Function],
                "create": [Function],
                "get": [Function],
                "getLastCreatedEntityKey": [Function],
                "mergeData": [Function],
                "replaceData": [Function],
              },
              "selectionAfter": Object {
                "anchorKey": "7ehf9",
                "anchorOffset": 0,
                "focusKey": "7ehf9",
                "focusOffset": 0,
                "hasFocus": false,
                "isBackward": false,
              },
              "selectionBefore": Object {
                "anchorKey": "7ehf9",
                "anchorOffset": 0,
                "focusKey": "7ehf9",
                "focusOffset": 0,
                "hasFocus": false,
                "isBackward": false,
              },
            },
            "decorator": null,
            "directionMap": Object {
              "7ehf9": "LTR",
            },
            "forceSelection": false,
            "inCompositionMode": false,
            "inlineStyleOverride": null,
            "lastChangeType": null,
            "nativelyRenderedContent": null,
            "redoStack": Array [],
            "selection": Object {
              "anchorKey": "7ehf9",
              "anchorOffset": 0,
              "focusKey": "7ehf9",
              "focusOffset": 0,
              "hasFocus": false,
              "isBackward": false,
            },
            "treeMap": Object {
              "7ehf9": Array [
                Object {
                  "decoratorKey": null,
                  "end": 0,
                  "leaves": Array [
                    Object {
                      "end": 0,
                      "start": 0,
                    },
                  ],
                  "start": 0,
                },
              ],
            },
            "undoStack": Array [],
          },
        }
      }
      onChange={[Function]}
      plugins={Array []}
      readOnly={false}
    />
  </div>
  <div>
    <button
      className="usa-button"
      onClick={[Function]}
    >
      Submit
    </button>
    <button
      className="usa-button-secondary"
      onClick={[Function]}
    >
      Cancel
    </button>
  </div>
</div>
`;
