// Jest Snapshot v1, https://goo.gl/fbAQLP

exports[`GlossaryEditorSearchComponent matches snapshot 1`] = `
<div
  className="bidder-portfolio-search-container"
>
  <div
    className="glossary-search-bar-container"
  >
    <ResultsSearchHeader
      defaultKeyword=""
      isHomePage={false}
      labelSrOnly={true}
      legend="Find Glossary Terms"
      onFilterChange={[Function]}
      onUpdate={[Function]}
      placeholder="Search for Glossary terms"
      searchBarDisabled={false}
      searchBarDisabledPlaceholder="Free text search is unavailable when searching Projected Vacancies"
    />
  </div>
</div>
`;
